Archive member included to satisfy reference by file (symbol)

/home/hpelite/bolos-devenv/gcc-arm-none-eabi-5_3-2016q1/bin/../lib/gcc/arm-none-eabi/5.3.1/armv6-m/libgcc.a(_udivsi3.o)
                              obj/cx.o (__aeabi_uidiv)
/home/hpelite/bolos-devenv/gcc-arm-none-eabi-5_3-2016q1/bin/../lib/gcc/arm-none-eabi/5.3.1/armv6-m/libgcc.a(_dvmd_tls.o)
                              /home/hpelite/bolos-devenv/gcc-arm-none-eabi-5_3-2016q1/bin/../lib/gcc/arm-none-eabi/5.3.1/armv6-m/libgcc.a(_udivsi3.o) (__aeabi_idiv0)
/home/hpelite/bolos-devenv/gcc-arm-none-eabi-5_3-2016q1/bin/../lib/gcc/arm-none-eabi/5.3.1/armv6-m/libgcc.a(_aeabi_uldivmod.o)
                              obj/nemHelpers.o (__aeabi_uldivmod)
/home/hpelite/bolos-devenv/gcc-arm-none-eabi-5_3-2016q1/bin/../lib/gcc/arm-none-eabi/5.3.1/armv6-m/libgcc.a(_muldi3.o)
                              obj/nemHelpers.o (__aeabi_lmul)
/home/hpelite/bolos-devenv/gcc-arm-none-eabi-5_3-2016q1/bin/../lib/gcc/arm-none-eabi/5.3.1/armv6-m/libgcc.a(_udivmoddi4.o)
                              /home/hpelite/bolos-devenv/gcc-arm-none-eabi-5_3-2016q1/bin/../lib/gcc/arm-none-eabi/5.3.1/armv6-m/libgcc.a(_aeabi_uldivmod.o) (__udivmoddi4)
/home/hpelite/bolos-devenv/gcc-arm-none-eabi-5_3-2016q1/bin/../lib/gcc/arm-none-eabi/5.3.1/armv6-m/libgcc.a(_clzdi2.o)
                              /home/hpelite/bolos-devenv/gcc-arm-none-eabi-5_3-2016q1/bin/../lib/gcc/arm-none-eabi/5.3.1/armv6-m/libgcc.a(_udivmoddi4.o) (__clzdi2)
/home/hpelite/bolos-devenv/gcc-arm-none-eabi-5_3-2016q1/bin/../lib/gcc/arm-none-eabi/5.3.1/armv6-m/libgcc.a(_clzsi2.o)
                              /home/hpelite/bolos-devenv/gcc-arm-none-eabi-5_3-2016q1/bin/../lib/gcc/arm-none-eabi/5.3.1/armv6-m/libgcc.a(_clzdi2.o) (__clzsi2)
/home/hpelite/bolos-devenv/gcc-arm-none-eabi-5_3-2016q1/bin/../lib/gcc/arm-none-eabi/5.3.1/../../../../arm-none-eabi/lib/armv6-m/libc.a(lib_a-aeabi_memclr.o)
                              obj/nemHelpers.o (__aeabi_memclr)
/home/hpelite/bolos-devenv/gcc-arm-none-eabi-5_3-2016q1/bin/../lib/gcc/arm-none-eabi/5.3.1/../../../../arm-none-eabi/lib/armv6-m/libc.a(lib_a-aeabi_memcpy.o)
                              obj/main.o (__aeabi_memcpy)
/home/hpelite/bolos-devenv/gcc-arm-none-eabi-5_3-2016q1/bin/../lib/gcc/arm-none-eabi/5.3.1/../../../../arm-none-eabi/lib/armv6-m/libc.a(lib_a-aeabi_memmove.o)
                              obj/os_printf.o (__aeabi_memmove)
/home/hpelite/bolos-devenv/gcc-arm-none-eabi-5_3-2016q1/bin/../lib/gcc/arm-none-eabi/5.3.1/../../../../arm-none-eabi/lib/armv6-m/libc.a(lib_a-aeabi_memset.o)
                              obj/base32.o (__aeabi_memset)
/home/hpelite/bolos-devenv/gcc-arm-none-eabi-5_3-2016q1/bin/../lib/gcc/arm-none-eabi/5.3.1/../../../../arm-none-eabi/lib/armv6-m/libc.a(lib_a-memcpy-stub.o)
                              /home/hpelite/bolos-devenv/gcc-arm-none-eabi-5_3-2016q1/bin/../lib/gcc/arm-none-eabi/5.3.1/../../../../arm-none-eabi/lib/armv6-m/libc.a(lib_a-aeabi_memcpy.o) (memcpy)
/home/hpelite/bolos-devenv/gcc-arm-none-eabi-5_3-2016q1/bin/../lib/gcc/arm-none-eabi/5.3.1/../../../../arm-none-eabi/lib/armv6-m/libc.a(lib_a-memmove.o)
                              /home/hpelite/bolos-devenv/gcc-arm-none-eabi-5_3-2016q1/bin/../lib/gcc/arm-none-eabi/5.3.1/../../../../arm-none-eabi/lib/armv6-m/libc.a(lib_a-aeabi_memmove.o) (memmove)
/home/hpelite/bolos-devenv/gcc-arm-none-eabi-5_3-2016q1/bin/../lib/gcc/arm-none-eabi/5.3.1/../../../../arm-none-eabi/lib/armv6-m/libc.a(lib_a-memset.o)
                              /home/hpelite/bolos-devenv/gcc-arm-none-eabi-5_3-2016q1/bin/../lib/gcc/arm-none-eabi/5.3.1/../../../../arm-none-eabi/lib/armv6-m/libc.a(lib_a-aeabi_memset.o) (memset)
/home/hpelite/bolos-devenv/gcc-arm-none-eabi-5_3-2016q1/bin/../lib/gcc/arm-none-eabi/5.3.1/../../../../arm-none-eabi/lib/armv6-m/libc.a(lib_a-setjmp.o)
                              obj/main.o (setjmp)
/home/hpelite/bolos-devenv/gcc-arm-none-eabi-5_3-2016q1/bin/../lib/gcc/arm-none-eabi/5.3.1/../../../../arm-none-eabi/lib/armv6-m/libc.a(lib_a-strcpy.o)
                              obj/nemHelpers.o (strcpy)
/home/hpelite/bolos-devenv/gcc-arm-none-eabi-5_3-2016q1/bin/../lib/gcc/arm-none-eabi/5.3.1/../../../../arm-none-eabi/lib/armv6-m/libc.a(lib_a-strlen-stub.o)
                              obj/nemHelpers.o (strlen)

Discarded input sections

 .text          0x00000000        0x0 obj/base32.o
 .llvm_addrsig  0x00000000        0x0 obj/base32.o
 .text          0x00000000        0x0 obj/cx.o
 .text.cx_rng_u32_range_func
                0x00000000       0x3c obj/cx.o
 .ARM.exidx.text.cx_rng_u32_range_func
                0x00000000        0x8 obj/cx.o
 .text.cx_rng_u32_range
                0x00000000       0x3a obj/cx.o
 .ARM.exidx.text.cx_rng_u32_range
                0x00000000        0x8 obj/cx.o
 .debug_str     0x00000000      0x10b obj/cx.o
 .debug_loc     0x00000000      0x170 obj/cx.o
 .debug_abbrev  0x00000000       0xc4 obj/cx.o
 .debug_info    0x00000000      0x174 obj/cx.o
[...]
Memory Configuration

Name             Origin             Length             Attributes
DISCARD          0xd0000000         0x00100000         xrw
FLASH            0xc0d00000         0x00064000         xr
SRAM             0x20001800         0x00001000         xrw
*default*        0x00000000         0xffffffff

Linker script and memory map

LOAD obj/base32.o
LOAD obj/cx.o
LOAD obj/cx_compliance_141.o
LOAD obj/glyphs.o
LOAD obj/main.o
LOAD obj/nemHelpers.o
LOAD obj/os.o
LOAD obj/os_io_seproxyhal.o
LOAD obj/os_io_usb.o
LOAD obj/os_printf.o
LOAD obj/pic.o
LOAD obj/pic_internal.o
LOAD obj/syscalls.o
LOAD obj/tcr.o
LOAD obj/u2f_impl.o
LOAD obj/u2f_io.o
LOAD obj/u2f_transport.o
LOAD obj/usbd_ccid_cmd.o
LOAD obj/usbd_ccid_core.o
LOAD obj/usbd_ccid_if.o
LOAD obj/usbd_conf.o
LOAD obj/usbd_core.o
LOAD obj/usbd_ctlreq.o
LOAD obj/usbd_hid.o
LOAD obj/usbd_impl.o
LOAD obj/usbd_ioreq.o
LOAD obj/ux_flow_engine.o
LOAD obj/ux_layout_bb.o
LOAD obj/ux_layout_bn.o
LOAD obj/ux_layout_bnn.o
LOAD obj/ux_layout_bnnn.o
LOAD obj/ux_layout_nn.o
LOAD obj/ux_layout_nnbnn.o
LOAD obj/ux_layout_nnn.o
LOAD obj/ux_layout_nnnn.o
LOAD obj/ux_layout_paging.o
LOAD obj/ux_layout_pb.o
LOAD obj/ux_layout_pbb.o
LOAD obj/ux_layout_pn.o
LOAD obj/ux_layout_pnn.o
LOAD obj/ux_layout_utils.o
LOAD obj/ux_legacy.o
LOAD obj/ux_menulist.o
LOAD obj/ux_stack.o
LOAD /home/hpelite/bolos-devenv/gcc-arm-none-eabi-5_3-2016q1/bin/../lib/gcc/arm-none-eabi/5.3.1/../../../../arm-none-eabi/lib/armv6-m/libm.a
LOAD /home/hpelite/bolos-devenv/gcc-arm-none-eabi-5_3-2016q1/bin/../lib/gcc/arm-none-eabi/5.3.1/armv6-m/libgcc.a
LOAD /home/hpelite/bolos-devenv/gcc-arm-none-eabi-5_3-2016q1/bin/../lib/gcc/arm-none-eabi/5.3.1/../../../../arm-none-eabi/lib/armv6-m/libc.a
START GROUP
LOAD /home/hpelite/bolos-devenv/gcc-arm-none-eabi-5_3-2016q1/bin/../lib/gcc/arm-none-eabi/5.3.1/armv6-m/libgcc.a
LOAD /home/hpelite/bolos-devenv/gcc-arm-none-eabi-5_3-2016q1/bin/../lib/gcc/arm-none-eabi/5.3.1/../../../../arm-none-eabi/lib/armv6-m/libg.a
LOAD /home/hpelite/bolos-devenv/gcc-arm-none-eabi-5_3-2016q1/bin/../lib/gcc/arm-none-eabi/5.3.1/../../../../arm-none-eabi/lib/armv6-m/libc.a
END GROUP
                0x00000040                PAGE_SIZE = 0x40
                0x00000200                STACK_SIZE = 0x200
                0x20002800                END_STACK = (ORIGIN (SRAM) + LENGTH (SRAM))

.text           0xc0d00000     0x4e00
                0xc0d00000                _text = .
                0xc0d00000                _nvram = .
                [!provide]                PROVIDE (_setjmp, setjmp)
 *(.boot*)
 .boot          0xc0d00000       0x84 obj/main.o
                0xc0d00000                main
 *(.text*)
 .text.base32_encode
                0xc0d00084       0xc0 obj/base32.o
                0xc0d00084                base32_encode
 .text.cx_hash_X
                0xc0d00144       0x66 obj/cx_compliance_141.o
                0xc0d00144                cx_hash_X
 .text.cx_ecfp_get_domain_length
                0xc0d001aa       0x7c obj/cx_compliance_141.o
 .text.cx_eddsa_sign_X
                0xc0d00226       0x3e obj/cx_compliance_141.o
                0xc0d00226                cx_eddsa_sign_X
 .text.ui_address_prepro
                0xc0d00264       0x94 obj/main.o
                0xc0d00264                ui_address_prepro
 .text.ui_idle  0xc0d002f8       0x14 obj/main.o
                0xc0d002f8                ui_idle
 .text.ui_approval_prepro
                0xc0d0030c       0xe8 obj/main.o
                0xc0d0030c                ui_approval_prepro
 .text.io_seproxyhal_touch_address_ok
                0xc0d003f4       0x58 obj/main.o
                0xc0d003f4                io_seproxyhal_touch_address_ok
 .text.ui_address_nanos_button
                0xc0d0044c       0x48 obj/main.o
                0xc0d0044c                ui_address_nanos_button
 .text.io_seproxyhal_touch_tx_ok
                0xc0d00494       0xc0 obj/main.o
                0xc0d00494                io_seproxyhal_touch_tx_ok
 .text.ui_approval_nanos_button
                0xc0d00554       0x48 obj/main.o
                0xc0d00554                ui_approval_nanos_button
 .text.io_exchange_al
                0xc0d0059c       0x44 obj/main.o
                0xc0d0059c                io_exchange_al
 .text.handleGetPublicKey
                0xc0d005e0      0x1d4 obj/main.o
                0xc0d005e0                handleGetPublicKey
 .text.io_seproxyhal_display
                0xc0d007b4        0x8 obj/main.o
                0xc0d007b4                io_seproxyhal_display
 .text.display_tx
                0xc0d007bc      0x16c obj/main.o
                0xc0d007bc                display_tx
 .text.handleSign
                0xc0d00928       0xac obj/main.o
                0xc0d00928                handleSign
 .text.handleGetAppConfiguration
                0xc0d009d4       0x20 obj/main.o
                0xc0d009d4                handleGetAppConfiguration
 .text.nem_main
                0xc0d009f4      0x144 obj/main.o
                0xc0d009f4                nem_main
 .text.io_event
                0xc0d00b38      0x578 obj/main.o
                0xc0d00b38                io_event
 .text.app_exit
                0xc0d010b0       0x40 obj/main.o
                0xc0d010b0                app_exit
 .text.readNetworkIdFromBip32path
                0xc0d010f0       0x3c obj/nemHelpers.o
                0xc0d010f0                readNetworkIdFromBip32path
 .text.reverseBytes
                0xc0d0112c       0x36 obj/nemHelpers.o
                0xc0d0112c                reverseBytes
 .text.getUint16
                0xc0d01162        0xc obj/nemHelpers.o
                0xc0d01162                getUint16
 *fill*         0xc0d0116e        0x2 00
 .text.to_nem_public_key_and_address
                0xc0d01170       0xc4 obj/nemHelpers.o
                0xc0d01170                to_nem_public_key_and_address
 .text.get_apdu_buffer_length
                0xc0d01234        0xc obj/nemHelpers.o
                0xc0d01234                get_apdu_buffer_length
 .text.clean_raw_tx
                0xc0d01240        0xc obj/nemHelpers.o
                0xc0d01240                clean_raw_tx
 .text.os_boot  0xc0d0124c        0xa obj/os.o
                0xc0d0124c                os_boot
 .text.os_memmove
                0xc0d01256       0x2c obj/os.o
                0xc0d01256                os_memmove
 .text.os_memset
                0xc0d01282       0x12 obj/os.o
                0xc0d01282                os_memset
 .text.os_memcmp
                0xc0d01294       0x2a obj/os.o
                0xc0d01294                os_memcmp
 *fill*         0xc0d012be        0x2 00
 .text.os_longjmp
                0xc0d012c0       0x1c obj/os.o
                0xc0d012c0                os_longjmp
 .text.io_seproxyhal_general_status
                0xc0d012dc       0x2c obj/os_io_seproxyhal.o
                0xc0d012dc                io_seproxyhal_general_status
 .text.io_seproxyhal_handle_usb_event
                0xc0d01308       0x78 obj/os_io_seproxyhal.o
                0xc0d01308                io_seproxyhal_handle_usb_event
 .text.io_seproxyhal_get_ep_rx_size
                0xc0d01380       0x18 obj/os_io_seproxyhal.o
                0xc0d01380                io_seproxyhal_get_ep_rx_size
 .text.io_seproxyhal_handle_usb_ep_xfer_event
                0xc0d01398       0x64 obj/os_io_seproxyhal.o
                0xc0d01398                io_seproxyhal_handle_usb_ep_xfer_event
 .text.io_usb_send_ep
                0xc0d013fc       0x50 obj/os_io_seproxyhal.o
                0xc0d013fc                io_usb_send_ep
 .text.io_usb_send_apdu_data
                0xc0d0144c       0x10 obj/os_io_seproxyhal.o
                0xc0d0144c                io_usb_send_apdu_data
 .text.io_usb_send_apdu_data_ep0x83
                0xc0d0145c       0x10 obj/os_io_seproxyhal.o
                0xc0d0145c                io_usb_send_apdu_data_ep0x83
 .text.io_seproxyhal_handle_capdu_event
                0xc0d0146c       0x3c obj/os_io_seproxyhal.o
                0xc0d0146c                io_seproxyhal_handle_capdu_event
 .text.io_seproxyhal_handle_event
                0xc0d014a8       0x88 obj/os_io_seproxyhal.o
                0xc0d014a8                io_seproxyhal_handle_event
 .text.io_seproxyhal_init
                0xc0d01530       0x34 obj/os_io_seproxyhal.o
                0xc0d01530                io_seproxyhal_init
 .text.io_seproxyhal_init_ux
                0xc0d01564        0x2 obj/os_io_seproxyhal.o
                0xc0d01564                io_seproxyhal_init_ux
 *fill*         0xc0d01566        0x2 00
 .text.io_seproxyhal_init_button
                0xc0d01568       0x10 obj/os_io_seproxyhal.o
                0xc0d01568                io_seproxyhal_init_button
 .text.io_seproxyhal_display_icon
                0xc0d01578       0xa0 obj/os_io_seproxyhal.o
                0xc0d01578                io_seproxyhal_display_icon
 .text.io_seproxyhal_display_default
                0xc0d01618       0x88 obj/os_io_seproxyhal.o
                0xc0d01618                io_seproxyhal_display_default
 .text.bagl_label_roundtrip_duration_ms
                0xc0d016a0        0xc obj/os_io_seproxyhal.o
                0xc0d016a0                bagl_label_roundtrip_duration_ms
 .text.bagl_label_roundtrip_duration_ms_buf
                0xc0d016ac       0x4a obj/os_io_seproxyhal.o
                0xc0d016ac                bagl_label_roundtrip_duration_ms_buf
 *fill*         0xc0d016f6        0x2 00
 .text.io_seproxyhal_button_push
                0xc0d016f8       0x60 obj/os_io_seproxyhal.o
                0xc0d016f8                io_seproxyhal_button_push
 .text.os_io_seproxyhal_get_app_name_and_version
                0xc0d01758       0x48 obj/os_io_seproxyhal.o
                0xc0d01758                os_io_seproxyhal_get_app_name_and_version
 .text.io_exchange
                0xc0d017a0      0x2c8 obj/os_io_seproxyhal.o
                0xc0d017a0                io_exchange
 .text.os_io_seph_recv_and_process
                0xc0d01a68       0x4c obj/os_io_seproxyhal.o
                0xc0d01a68                os_io_seph_recv_and_process
 .text.mcu_usb_printc
                0xc0d01ab4       0x2a obj/os_io_seproxyhal.o
                0xc0d01ab4                mcu_usb_printc
 *fill*         0xc0d01ade        0x2 00
 .text.io_usb_hid_receive
                0xc0d01ae0      0x140 obj/os_io_usb.o
                0xc0d01ae0                io_usb_hid_receive
 .text.io_usb_hid_init
                0xc0d01c20       0x1c obj/os_io_usb.o
                0xc0d01c20                io_usb_hid_init
 .text.io_usb_hid_sent
                0xc0d01c3c       0xc8 obj/os_io_usb.o
                0xc0d01c3c                io_usb_hid_sent
 .text.io_usb_hid_send
                0xc0d01d04       0x34 obj/os_io_usb.o
                0xc0d01d04                io_usb_hid_send
 .text.mcu_usb_prints
                0xc0d01d38       0x54 obj/os_printf.o
                0xc0d01d38                mcu_usb_prints
 .text.mcu_usb_printf
                0xc0d01d8c      0x354 obj/os_printf.o
                0xc0d01d8c                screen_printf
                0xc0d01d8c                mcu_usb_printf
 .text.pic      0xc0d020e0       0x1c obj/pic.o
                0xc0d020e0                pic
 .text.pic_internal
                0xc0d020fc       0x10 obj/pic_internal.o
                0xc0d020fc                pic_internal
 .text.SVC_Call
                0xc0d0210c        0x4 obj/syscalls.o
                0xc0d0210c                SVC_Call
 .text.check_api_level
                0xc0d02110       0x18 obj/syscalls.o
                0xc0d02110                check_api_level
 .text.halt     0xc0d02128       0x14 obj/syscalls.o
                0xc0d02128                halt
 .text.cx_rng   0xc0d0213c       0x1c obj/syscalls.o
                0xc0d0213c                cx_rng
 .text.cx_hash  0xc0d02158       0x28 obj/syscalls.o
                0xc0d02158                cx_hash
 .text.cx_ripemd160_init
                0xc0d02180       0x18 obj/syscalls.o
                0xc0d02180                cx_ripemd160_init
 .text.cx_sha3_init
                0xc0d02198       0x1c obj/syscalls.o
                0xc0d02198                cx_sha3_init
 .text.cx_ecfp_init_private_key
                0xc0d021b4       0x20 obj/syscalls.o
                0xc0d021b4                cx_ecfp_init_private_key
 .text.cx_ecfp_generate_pair2
                0xc0d021d4       0x24 obj/syscalls.o
                0xc0d021d4                cx_ecfp_generate_pair2
 .text.cx_eddsa_sign
                0xc0d021f8       0x38 obj/syscalls.o
                0xc0d021f8                cx_eddsa_sign
 .text.cx_crc16_update
                0xc0d02230       0x20 obj/syscalls.o
                0xc0d02230                cx_crc16_update
 .text.os_perso_isonboarded
                0xc0d02250       0x18 obj/syscalls.o
                0xc0d02250                os_perso_isonboarded
 .text.os_perso_derive_node_bip32
                0xc0d02268       0x20 obj/syscalls.o
                0xc0d02268                os_perso_derive_node_bip32
 .text.os_perso_seed_cookie
                0xc0d02288       0x1c obj/syscalls.o
                0xc0d02288                os_perso_seed_cookie
 .text.os_global_pin_is_validated
                0xc0d022a4       0x18 obj/syscalls.o
                0xc0d022a4                os_global_pin_is_validated
 .text.os_ux    0xc0d022bc       0x18 obj/syscalls.o
                0xc0d022bc                os_ux
 .text.os_flags
                0xc0d022d4       0x18 obj/syscalls.o
                0xc0d022d4                os_flags
 .text.os_registry_get_current_app_tag
                0xc0d022ec       0x1c obj/syscalls.o
                0xc0d022ec                os_registry_get_current_app_tag
 .text.os_sched_exit
                0xc0d02308       0x18 obj/syscalls.o
                0xc0d02308                os_sched_exit
 .text.io_seph_send
                0xc0d02320       0x18 obj/syscalls.o
                0xc0d02320                io_seph_send
 .text.io_seph_is_status_sent
                0xc0d02338       0x18 obj/syscalls.o
                0xc0d02338                io_seph_is_status_sent
 .text.io_seph_recv
                0xc0d02350       0x20 obj/syscalls.o
                0xc0d02350                io_seph_recv
 .text.try_context_get
                0xc0d02370       0x18 obj/syscalls.o
                0xc0d02370                try_context_get
 .text.try_context_set
                0xc0d02388       0x18 obj/syscalls.o
                0xc0d02388                try_context_set
 .text.os_sched_last_status
                0xc0d023a0       0x1c obj/syscalls.o
                0xc0d023a0                os_sched_last_status
 .text.u2f_apdu_sign
                0xc0d023bc      0x104 obj/u2f_impl.o
                0xc0d023bc                u2f_apdu_sign
 .text.u2f_handle_cmd_init
                0xc0d024c0       0x98 obj/u2f_impl.o
                0xc0d024c0                u2f_handle_cmd_init
 .text.u2f_handle_cmd_msg
                0xc0d02558       0xbc obj/u2f_impl.o
                0xc0d02558                u2f_handle_cmd_msg
 .text.u2f_message_complete
                0xc0d02614       0x3c obj/u2f_impl.o
                0xc0d02614                u2f_message_complete
 .text.u2f_io_send
                0xc0d02650       0x44 obj/u2f_io.o
                0xc0d02650                u2f_io_send
 .text.u2f_transport_init
                0xc0d02694       0x14 obj/u2f_transport.o
                0xc0d02694                u2f_transport_init
 .text.u2f_transport_sent
                0xc0d026a8      0x10c obj/u2f_transport.o
                0xc0d026a8                u2f_transport_sent
 .text.u2f_message_repliable
                0xc0d027b4       0x26 obj/u2f_transport.o
                0xc0d027b4                u2f_message_repliable
 *fill*         0xc0d027da        0x2 00
 .text.u2f_transport_send_usb_user_presence_required
                0xc0d027dc       0x38 obj/u2f_transport.o
                0xc0d027dc                u2f_transport_send_usb_user_presence_required
 .text.u2f_transport_send_wink
                0xc0d02814       0x30 obj/u2f_transport.o
                0xc0d02814                u2f_transport_send_wink
 .text.u2f_transport_receive_fakeChannel
                0xc0d02844       0xf4 obj/u2f_transport.o
                0xc0d02844                u2f_transport_receive_fakeChannel
 .text.u2f_transport_received
                0xc0d02938      0x31c obj/u2f_transport.o
                0xc0d02938                u2f_transport_received
 .text.u2f_is_channel_broadcast
                0xc0d02c54       0x18 obj/u2f_transport.o
                0xc0d02c54                u2f_is_channel_broadcast
 .text.u2f_message_set_autoreply_wait_user_presence
                0xc0d02c6c       0x26 obj/u2f_transport.o
                0xc0d02c6c                u2f_message_set_autoreply_wait_user_presence
 *fill*         0xc0d02c92        0x2 00
 .text.u2f_message_reply
                0xc0d02c94       0x74 obj/u2f_transport.o
                0xc0d02c94                u2f_message_reply
 .text.USBD_LL_Init
                0xc0d02d08       0x14 obj/usbd_conf.o
                0xc0d02d08                USBD_LL_Init
 .text.USBD_LL_DeInit
                0xc0d02d1c       0x24 obj/usbd_conf.o
                0xc0d02d1c                USBD_LL_DeInit
 .text.USBD_LL_Start
                0xc0d02d40       0x38 obj/usbd_conf.o
                0xc0d02d40                USBD_LL_Start
 .text.USBD_LL_Stop
                0xc0d02d78       0x22 obj/usbd_conf.o
                0xc0d02d78                USBD_LL_Stop
 *fill*         0xc0d02d9a        0x2 00
 .text.USBD_LL_OpenEP
                0xc0d02d9c       0x60 obj/usbd_conf.o
                0xc0d02d9c                USBD_LL_OpenEP
 .text.USBD_LL_CloseEP
                0xc0d02dfc       0x2c obj/usbd_conf.o
                0xc0d02dfc                USBD_LL_CloseEP
 .text.USBD_LL_StallEP
                0xc0d02e28       0x48 obj/usbd_conf.o
                0xc0d02e28                USBD_LL_StallEP
 .text.USBD_LL_ClearStallEP
                0xc0d02e70       0x48 obj/usbd_conf.o
                0xc0d02e70                USBD_LL_ClearStallEP
 .text.USBD_LL_IsStallEP
                0xc0d02eb8       0x20 obj/usbd_conf.o
                0xc0d02eb8                USBD_LL_IsStallEP
 .text.USBD_LL_SetUSBAddress
                0xc0d02ed8       0x24 obj/usbd_conf.o
                0xc0d02ed8                USBD_LL_SetUSBAddress
 .text.USBD_LL_Transmit
                0xc0d02efc       0x32 obj/usbd_conf.o
                0xc0d02efc                USBD_LL_Transmit
 .text.USBD_LL_PrepareReceive
                0xc0d02f2e       0x26 obj/usbd_conf.o
                0xc0d02f2e                USBD_LL_PrepareReceive
 .text.USBD_Init
                0xc0d02f54       0x34 obj/usbd_core.o
                0xc0d02f54                USBD_Init
 .text.USBD_DeInit
                0xc0d02f88       0x3c obj/usbd_core.o
                0xc0d02f88                USBD_DeInit
 .text.USBD_RegisterClassForInterface
                0xc0d02fc4       0x1a obj/usbd_core.o
                0xc0d02fc4                USBD_RegisterClassForInterface
 .text.USBD_Start
                0xc0d02fde        0xa obj/usbd_core.o
                0xc0d02fde                USBD_Start
 .text.USBD_SetClassConfig
                0xc0d02fe8       0x36 obj/usbd_core.o
                0xc0d02fe8                USBD_SetClassConfig
 .text.USBD_ClrClassConfig
                0xc0d0301e       0x36 obj/usbd_core.o
                0xc0d0301e                USBD_ClrClassConfig
 .text.USBD_LL_SetupStage
                0xc0d03054       0x5c obj/usbd_core.o
                0xc0d03054                USBD_LL_SetupStage
 .text.USBD_LL_DataOutStage
                0xc0d030b0       0xb0 obj/usbd_core.o
                0xc0d030b0                USBD_LL_DataOutStage
 .text.USBD_LL_DataInStage
                0xc0d03160       0xe6 obj/usbd_core.o
                0xc0d03160                USBD_LL_DataInStage
 .text.USBD_LL_Reset
                0xc0d03246       0x3e obj/usbd_core.o
                0xc0d03246                USBD_LL_Reset
 .text.USBD_LL_SetSpeed
                0xc0d03284        0x6 obj/usbd_core.o
                0xc0d03284                USBD_LL_SetSpeed
 .text.USBD_LL_Suspend
                0xc0d0328a        0x4 obj/usbd_core.o
                0xc0d0328a                USBD_LL_Suspend
 .text.USBD_LL_Resume
                0xc0d0328e        0x4 obj/usbd_core.o
                0xc0d0328e                USBD_LL_Resume
 .text.USBD_LL_SOF
                0xc0d03292       0x3a obj/usbd_core.o
                0xc0d03292                USBD_LL_SOF
 .text.usbd_is_valid_intf
                0xc0d032cc       0x18 obj/usbd_ctlreq.o
                0xc0d032cc                usbd_is_valid_intf
 .text.USBD_StdDevReq
                0xc0d032e4       0x5a obj/usbd_ctlreq.o
                0xc0d032e4                USBD_StdDevReq
 .text.USBD_GetDescriptor
                0xc0d0333e      0x10c obj/usbd_ctlreq.o
                0xc0d0333e                USBD_GetDescriptor
 .text.USBD_SetAddress
                0xc0d0344a       0x4c obj/usbd_ctlreq.o
                0xc0d0344a                USBD_SetAddress
 .text.USBD_SetConfig
                0xc0d03496       0x70 obj/usbd_ctlreq.o
                0xc0d03496                USBD_SetConfig
 .text.USBD_GetConfig
                0xc0d03506       0x2e obj/usbd_ctlreq.o
                0xc0d03506                USBD_GetConfig
 .text.USBD_GetStatus
                0xc0d03534       0x46 obj/usbd_ctlreq.o
                0xc0d03534                USBD_GetStatus
 .text.USBD_SetFeature
                0xc0d0357a       0x3a obj/usbd_ctlreq.o
                0xc0d0357a                USBD_SetFeature
 .text.USBD_ClrFeature
                0xc0d035b4       0x50 obj/usbd_ctlreq.o
                0xc0d035b4                USBD_ClrFeature
 .text.USBD_StdItfReq
                0xc0d03604       0x48 obj/usbd_ctlreq.o
                0xc0d03604                USBD_StdItfReq
 .text.USBD_StdEPReq
                0xc0d0364c      0x104 obj/usbd_ctlreq.o
                0xc0d0364c                USBD_StdEPReq
 .text.USBD_ParseSetupRequest
                0xc0d03750       0x28 obj/usbd_ctlreq.o
                0xc0d03750                USBD_ParseSetupRequest
 .text.USBD_CtlStall
                0xc0d03778       0x14 obj/usbd_ctlreq.o
                0xc0d03778                USBD_CtlStall
 .text.USBD_HID_Setup
                0xc0d0378c       0x96 obj/usbd_hid.o
                0xc0d0378c                USBD_HID_Setup
 .text.USBD_HID_Init
                0xc0d03822       0x32 obj/usbd_hid.o
                0xc0d03822                USBD_HID_Init
 .text.USBD_HID_DeInit
                0xc0d03854       0x16 obj/usbd_hid.o
                0xc0d03854                USBD_HID_DeInit
 *fill*         0xc0d0386a        0x2 00
 .text.USBD_HID_GetHidDescriptor_impl
                0xc0d0386c       0x34 obj/usbd_impl.o
                0xc0d0386c                USBD_HID_GetHidDescriptor_impl
 .text.USBD_HID_GetReportDescriptor_impl
                0xc0d038a0       0x64 obj/usbd_impl.o
                0xc0d038a0                USBD_HID_GetReportDescriptor_impl
 .text.USBD_U2F_Init
                0xc0d03904       0x32 obj/usbd_impl.o
                0xc0d03904                USBD_U2F_Init
 *fill*         0xc0d03936        0x2 00
 .text.USBD_U2F_DataIn_impl
                0xc0d03938       0x18 obj/usbd_impl.o
                0xc0d03938                USBD_U2F_DataIn_impl
 .text.USBD_U2F_DataOut_impl
                0xc0d03950       0x2c obj/usbd_impl.o
                0xc0d03950                USBD_U2F_DataOut_impl
 .text.USBD_HID_DataIn_impl
                0xc0d0397c       0x18 obj/usbd_impl.o
                0xc0d0397c                USBD_HID_DataIn_impl
 .text.USBD_HID_DataOut_impl
                0xc0d03994       0x4c obj/usbd_impl.o
                0xc0d03994                USBD_HID_DataOut_impl
 .text.USBD_WEBUSB_Init
                0xc0d039e0       0x2c obj/usbd_impl.o
                0xc0d039e0                USBD_WEBUSB_Init
 .text.USBD_WEBUSB_DeInit
                0xc0d03a0c        0x4 obj/usbd_impl.o
                0xc0d03a0c                USBD_WEBUSB_DeInit
 .text.USBD_WEBUSB_Setup
                0xc0d03a10        0x4 obj/usbd_impl.o
                0xc0d03a10                USBD_WEBUSB_Setup
 .text.USBD_WEBUSB_DataIn
                0xc0d03a14       0x18 obj/usbd_impl.o
                0xc0d03a14                USBD_WEBUSB_DataIn
 .text.USBD_WEBUSB_DataOut
                0xc0d03a2c       0x4c obj/usbd_impl.o
                0xc0d03a2c                USBD_WEBUSB_DataOut
 .text.USBD_DeviceDescriptor
                0xc0d03a78       0x10 obj/usbd_impl.o
 .text.USBD_LangIDStrDescriptor
                0xc0d03a88       0x10 obj/usbd_impl.o
 .text.USBD_ManufacturerStrDescriptor
                0xc0d03a98       0x10 obj/usbd_impl.o
 .text.USBD_ProductStrDescriptor
                0xc0d03aa8       0x10 obj/usbd_impl.o
 .text.USBD_SerialStrDescriptor
                0xc0d03ab8       0x10 obj/usbd_impl.o
 .text.USBD_ConfigStrDescriptor
                0xc0d03ac8       0x10 obj/usbd_impl.o
 .text.USBD_InterfaceStrDescriptor
                0xc0d03ad8       0x10 obj/usbd_impl.o
 .text.USBD_BOSDescriptor
                0xc0d03ae8       0x10 obj/usbd_impl.o
 .text.USBD_CtlError
                0xc0d03af8       0xb8 obj/usbd_impl.o
                0xc0d03af8                USBD_CtlError
 .text.USB_power
                0xc0d03bb0       0xbc obj/usbd_impl.o
                0xc0d03bb0                USB_power
 .text.USBD_GetCfgDesc_impl
                0xc0d03c6c       0x10 obj/usbd_impl.o
 .text.USBD_GetDeviceQualifierDesc_impl
                0xc0d03c7c       0x10 obj/usbd_impl.o
 .text.USBD_CtlSendData
                0xc0d03c8c       0x2c obj/usbd_ioreq.o
                0xc0d03c8c                USBD_CtlSendData
 .text.USBD_CtlContinueSendData
                0xc0d03cb8       0x1c obj/usbd_ioreq.o
                0xc0d03cb8                USBD_CtlContinueSendData
 .text.USBD_CtlContinueRx
                0xc0d03cd4        0xe obj/usbd_ioreq.o
                0xc0d03cd4                USBD_CtlContinueRx
 .text.USBD_CtlSendStatus
                0xc0d03ce2       0x18 obj/usbd_ioreq.o
                0xc0d03ce2                USBD_CtlSendStatus
 .text.USBD_CtlReceiveStatus
                0xc0d03cfa       0x16 obj/usbd_ioreq.o
                0xc0d03cfa                USBD_CtlReceiveStatus
 .text.ux_menu_element_preprocessor
                0xc0d03d10      0x1b0 obj/ux_legacy.o
                0xc0d03d10                ux_menu_element_preprocessor
 .text.ux_menu_elements_button
                0xc0d03ec0      0x124 obj/ux_legacy.o
                0xc0d03ec0                ux_menu_elements_button
 .text.ux_menu_display
                0xc0d03fe4      0x128 obj/ux_legacy.o
                0xc0d03fe4                ux_menu_display
 .text.ux_stack_push
                0xc0d0410c       0x28 obj/ux_stack.o
                0xc0d0410c                ux_stack_push
 .text          0xc0d04134      0x114 /home/hpelite/bolos-devenv/gcc-arm-none-eabi-5_3-2016q1/bin/../lib/gcc/arm-none-eabi/5.3.1/armv6-m/libgcc.a(_udivsi3.o)
                0xc0d04134                __udivsi3
                0xc0d04134                __aeabi_uidiv
                0xc0d04240                __aeabi_uidivmod
 .text          0xc0d04248        0x4 /home/hpelite/bolos-devenv/gcc-arm-none-eabi-5_3-2016q1/bin/../lib/gcc/arm-none-eabi/5.3.1/armv6-m/libgcc.a(_dvmd_tls.o)
                0xc0d04248                __aeabi_ldiv0
                0xc0d04248                __aeabi_idiv0
 .text.__aeabi_memclr
                0xc0d0424c        0xc /home/hpelite/bolos-devenv/gcc-arm-none-eabi-5_3-2016q1/bin/../lib/gcc/arm-none-eabi/5.3.1/../../../../arm-none-eabi/lib/armv6-m/libc.a(lib_a-aeabi_memclr.o)
                0xc0d0424c                __aeabi_memclr8
                0xc0d0424c                __aeabi_memclr
                0xc0d0424c                __aeabi_memclr4
 .text.__aeabi_memcpy
                0xc0d04258        0x8 /home/hpelite/bolos-devenv/gcc-arm-none-eabi-5_3-2016q1/bin/../lib/gcc/arm-none-eabi/5.3.1/../../../../arm-none-eabi/lib/armv6-m/libc.a(lib_a-aeabi_memcpy.o)
                0xc0d04258                __aeabi_memcpy
                0xc0d04258                __aeabi_memcpy4
                0xc0d04258                __aeabi_memcpy8
 .text.__aeabi_memset
                0xc0d04260       0x10 /home/hpelite/bolos-devenv/gcc-arm-none-eabi-5_3-2016q1/bin/../lib/gcc/arm-none-eabi/5.3.1/../../../../arm-none-eabi/lib/armv6-m/libc.a(lib_a-aeabi_memset.o)
                0xc0d04260                __aeabi_memset
                0xc0d04260                __aeabi_memset8
                0xc0d04260                __aeabi_memset4
 .text.memcpy   0xc0d04270       0x7c /home/hpelite/bolos-devenv/gcc-arm-none-eabi-5_3-2016q1/bin/../lib/gcc/arm-none-eabi/5.3.1/../../../../arm-none-eabi/lib/armv6-m/libc.a(lib_a-memcpy-stub.o)
                0xc0d04270                memcpy
 .text.memset   0xc0d042ec       0x8c /home/hpelite/bolos-devenv/gcc-arm-none-eabi-5_3-2016q1/bin/../lib/gcc/arm-none-eabi/5.3.1/../../../../arm-none-eabi/lib/armv6-m/libc.a(lib_a-memset.o)
                0xc0d042ec                memset
 .text          0xc0d04378       0x34 /home/hpelite/bolos-devenv/gcc-arm-none-eabi-5_3-2016q1/bin/../lib/gcc/arm-none-eabi/5.3.1/../../../../arm-none-eabi/lib/armv6-m/libc.a(lib_a-setjmp.o)
                0xc0d04378                setjmp
                0xc0d04390                longjmp
 .text.strlen   0xc0d043ac       0x68 /home/hpelite/bolos-devenv/gcc-arm-none-eabi-5_3-2016q1/bin/../lib/gcc/arm-none-eabi/5.3.1/../../../../arm-none-eabi/lib/armv6-m/libc.a(lib_a-strlen-stub.o)
                0xc0d043ac                strlen
 *(.rodata)
 *(.rodata.[^N]*)
 .rodata.str1.1
                0xc0d04414       0x21 obj/base32.o
 *fill*         0xc0d04435        0x3 00
 .rodata.C_icon_NEM_colors
                0xc0d04438        0x8 obj/glyphs.o
                0xc0d04438                C_icon_NEM_colors
 .rodata.C_icon_NEM_bitmap
                0xc0d04440       0x19 obj/glyphs.o
                0xc0d04440                C_icon_NEM_bitmap
 *fill*         0xc0d04459        0x3 00
 .rodata.C_icon_NEM
                0xc0d0445c       0x14 obj/glyphs.o
                0xc0d0445c                C_icon_NEM
 .rodata.C_icon_back_colors
                0xc0d04470        0x8 obj/glyphs.o
                0xc0d04470                C_icon_back_colors
 .rodata.C_icon_back_bitmap
                0xc0d04478       0x19 obj/glyphs.o
                0xc0d04478                C_icon_back_bitmap
 *fill*         0xc0d04491        0x3 00
 .rodata.C_icon_back
                0xc0d04494       0x14 obj/glyphs.o
                0xc0d04494                C_icon_back
 .rodata.C_icon_dashboard_colors
                0xc0d044a8        0x8 obj/glyphs.o
                0xc0d044a8                C_icon_dashboard_colors
 .rodata.C_icon_dashboard_bitmap
                0xc0d044b0       0x19 obj/glyphs.o
                0xc0d044b0                C_icon_dashboard_bitmap
 *fill*         0xc0d044c9        0x3 00
 .rodata.C_icon_dashboard
                0xc0d044cc       0x14 obj/glyphs.o
                0xc0d044cc                C_icon_dashboard
 .rodata.str1.1
                0xc0d044e0       0x8f obj/main.o
 *fill*         0xc0d0456f        0x1 00
 .rodata.menu_about
                0xc0d04570       0x70 obj/main.o
                0xc0d04570                menu_about
 .rodata.menu_main
                0xc0d045e0       0x70 obj/main.o
                0xc0d045e0                menu_main
 .rodata.ui_address_nanos
                0xc0d04650       0xe0 obj/main.o
                0xc0d04650                ui_address_nanos
 .rodata.ui_approval_details
                0xc0d04730       0x58 obj/main.o
                0xc0d04730                ui_approval_details
 .rodata.ui_approval_nanos
                0xc0d04788       0xe0 obj/main.o
                0xc0d04788                ui_approval_nanos
 .rodata.str1.4
                0xc0d04868        0xc obj/main.o
 .rodata.str1.1
                0xc0d04874       0x1a obj/os.o
 .rodata..L.str
                0xc0d0488e        0x5 obj/os_io_seproxyhal.o
 .rodata..L.str.1
                0xc0d04893        0x5 obj/os_io_seproxyhal.o
 .rodata..L.str.2
                0xc0d04898        0x5 obj/os_io_seproxyhal.o
 .rodata.str1.1
                0xc0d0489d        0x8 obj/os_printf.o
 .rodata.cst16  0xc0d048a5       0x20 obj/os_printf.o
 .rodata.SW_INTERNAL
                0xc0d048c5        0x2 obj/u2f_impl.o
 .rodata.SW_BUSY
                0xc0d048c7        0x2 obj/u2f_impl.o
 .rodata.SW_WRONG_LENGTH
                0xc0d048c9        0x2 obj/u2f_impl.o
 .rodata.SW_PROOF_OF_PRESENCE_REQUIRED
                0xc0d048cb        0x2 obj/u2f_impl.o
 .rodata..L.str
                0xc0d048cd        0x6 obj/u2f_impl.o
 .rodata.str1.1
                0xc0d048d3        0x4 obj/u2f_impl.o
 .rodata..L.str.2
                0xc0d048d7        0x5 obj/u2f_impl.o
 .rodata.SW_BAD_KEY_HANDLE
                0xc0d048dc        0x2 obj/u2f_impl.o
 .rodata.U2F_VERSION
                0xc0d048de        0x8 obj/u2f_impl.o
 .rodata.INFO   0xc0d048e6        0x4 obj/u2f_impl.o
 .rodata.SW_UNKNOWN_CLASS
                0xc0d048ea        0x2 obj/u2f_impl.o
 .rodata.SW_UNKNOWN_INSTRUCTION
                0xc0d048ec        0x2 obj/u2f_impl.o
 .rodata.str1.1
                0xc0d048ee       0x29 obj/u2f_io.o
 .rodata.BROADCAST_CHANNEL
                0xc0d04917        0x4 obj/u2f_transport.o
 .rodata.FORBIDDEN_CHANNEL
                0xc0d0491b        0x4 obj/u2f_transport.o
 *fill*         0xc0d0491f        0x1 00
 .rodata.USBD_HID_Desc_fido
                0xc0d04920        0x9 obj/usbd_impl.o
                0xc0d04920                USBD_HID_Desc_fido
 *fill*         0xc0d04929        0x3 00
 .rodata.USBD_HID_Desc
                0xc0d0492c        0x9 obj/usbd_impl.o
                0xc0d0492c                USBD_HID_Desc
 .rodata.HID_ReportDesc_fido
                0xc0d04935       0x22 obj/usbd_impl.o
 .rodata.HID_ReportDesc
                0xc0d04957       0x22 obj/usbd_impl.o
 .rodata.C_webusb_url_descriptor
                0xc0d04979       0x17 obj/usbd_impl.o
                0xc0d04979                C_webusb_url_descriptor
 .rodata.C_usb_bos
                0xc0d04990       0x39 obj/usbd_impl.o
                0xc0d04990                C_usb_bos
 *fill*         0xc0d049c9        0x3 00
 .rodata.HID_Desc
                0xc0d049cc       0x20 obj/usbd_impl.o
                0xc0d049cc                HID_Desc
 .rodata.C_winusb_string_descriptor
                0xc0d049ec       0x12 obj/usbd_impl.o
 .rodata.C_winusb_guid
                0xc0d049fe       0x92 obj/usbd_impl.o
 .rodata.C_winusb_request_descriptor
                0xc0d04a90       0xb2 obj/usbd_impl.o
 *fill*         0xc0d04b42        0x2 00
 .rodata.USBD_HID
                0xc0d04b44       0x38 obj/usbd_impl.o
 .rodata.USBD_U2F
                0xc0d04b7c       0x38 obj/usbd_impl.o
 .rodata.USBD_WEBUSB
                0xc0d04bb4       0x38 obj/usbd_impl.o
 .rodata.USBD_DeviceDesc
                0xc0d04bec       0x12 obj/usbd_impl.o
 .rodata.USBD_LangIDDesc
                0xc0d04bfe        0x4 obj/usbd_impl.o
 .rodata.USBD_MANUFACTURER_STRING
                0xc0d04c02        0xe obj/usbd_impl.o
 .rodata.USBD_PRODUCT_FS_STRING
                0xc0d04c10        0xe obj/usbd_impl.o
 .rodata.USB_SERIAL_STRING
                0xc0d04c1e        0xa obj/usbd_impl.o
 .rodata.C_winusb_wcid
                0xc0d04c28       0x28 obj/usbd_impl.o
 .rodata.USBD_CfgDesc
                0xc0d04c50       0x60 obj/usbd_impl.o
 .rodata.USBD_DeviceQualifierDesc
                0xc0d04cb0        0xa obj/usbd_impl.o
 *fill*         0xc0d04cba        0x2 00
 .rodata.ux_menu_elements
                0xc0d04cbc      0x120 obj/ux_legacy.o
                0xc0d04cbc                ux_menu_elements
 .rodata.UX_MENU_END_ENTRY
                0xc0d04ddc       0x1c obj/ux_legacy.o
                0xc0d04ddc                UX_MENU_END_ENTRY
 *(.rodata.N[^_]*)
                0xc0d04df8                . = ALIGN (0x4)
                0xc0d04df8                _etext = .
                0xc0d04e00                . = ALIGN (PAGE_SIZE)
 *fill*         0xc0d04df8        0x8 00
                0xc0d04e00                _nvram_data = .
 *(.bss.N_* .rodata.N_*)
                0xc0d04e00                . = ALIGN (PAGE_SIZE)
                0xc0d04e00                _envram_data = .
                0xc0d04e00                _install_parameters = .
                0xc0d04e00                _envram = .

.glue_7         0xc0d04e00        0x0
 .glue_7        0xc0d04e00        0x0 linker stubs

.glue_7t        0xc0d04e00        0x0
 .glue_7t       0xc0d04e00        0x0 linker stubs

.vfp11_veneer   0xc0d04e00        0x0
 .vfp11_veneer  0xc0d04e00        0x0 linker stubs

.v4_bx          0xc0d04e00        0x0
 .v4_bx         0xc0d04e00        0x0 linker stubs

.iplt           0xc0d04e00        0x0
 .iplt          0xc0d04e00        0x0 obj/base32.o

.data           0xd0000000        0x0
                0xd0000000                . = ALIGN (0x4)
                0xd0000000                _data = .
 *(vtable)
 *(.data*)
                0xd0000000                _edata = .

.igot.plt       0xd0000000        0x0
 .igot.plt      0xd0000000        0x0 obj/base32.o

.bss            0x20001800      0xb3c
                0x20001800                _bss = .
 *(.bss*)
 .bss.fullAddress
                0x20001800       0x28 obj/main.o
                0x20001800                fullAddress
 .bss.ux_step   0x20001828        0x4 obj/main.o
                0x20001828                ux_step
 .bss.ux        0x2000182c       0xfc obj/main.o
                0x2000182c                ux
 .bss.maxInterval
                0x20001928        0x4 obj/main.o
                0x20001928                maxInterval
 .bss.detailName
                0x2000192c       0xa5 obj/main.o
                0x2000192c                detailName
 .bss.extraInfo
                0x200019d1       0xaa obj/main.o
                0x200019d1                extraInfo
 .bss.txTypeName
                0x20001a7b       0x1e obj/main.o
                0x20001a7b                txTypeName
 *fill*         0x20001a99        0x3 00
 .bss.tmp_element
                0x20001a9c       0x20 obj/main.o
                0x20001a9c                tmp_element
 .bss.ux_step_count
                0x20001abc        0x4 obj/main.o
                0x20001abc                ux_step_count
 .bss.tmpCtx    0x20001ac0       0xac obj/main.o
                0x20001ac0                tmpCtx
 .bss.raw_tx    0x20001b6c      0x1ea obj/main.o
                0x20001b6c                raw_tx
 .bss.txContent
                0x20001d56       0x12 obj/main.o
                0x20001d56                txContent
 .bss.hashTainted
                0x20001d68        0x1 obj/main.o
                0x20001d68                hashTainted
 *fill*         0x20001d69        0x3 00
 .bss.raw_tx_ix
                0x20001d6c        0x4 obj/main.o
                0x20001d6c                raw_tx_ix
 .bss.raw_tx_len
                0x20001d70        0x4 obj/main.o
                0x20001d70                raw_tx_len
 .bss.G_io_seproxyhal_spi_buffer
                0x20001d74       0x80 obj/main.o
                0x20001d74                G_io_seproxyhal_spi_buffer
 .bss.G_io_apdu_buffer
                0x20001df4      0x151 obj/os.o
                0x20001df4                G_io_apdu_buffer
 *fill*         0x20001f45        0x3 00
 .bss.G_io_app  0x20001f48       0x20 obj/os_io_seproxyhal.o
                0x20001f48                G_io_app
 .bss.G_ux_os   0x20001f68        0x8 obj/os_io_seproxyhal.o
                0x20001f68                G_ux_os
 .bss.G_io_u2f  0x20001f70       0x44 obj/os_io_seproxyhal.o
                0x20001f70                G_io_u2f
 .bss.G_io_usb_ep_buffer
                0x20001fb4       0x40 obj/os_io_seproxyhal.o
                0x20001fb4                G_io_usb_ep_buffer
 .bss.G_io_usb_hid_sequence_number
                0x20001ff4        0x4 obj/os_io_usb.o
                0x20001ff4                G_io_usb_hid_sequence_number
 .bss.G_io_usb_hid_total_length
                0x20001ff8        0x4 obj/os_io_usb.o
                0x20001ff8                G_io_usb_hid_total_length
 .bss.G_io_usb_hid_remaining_length
                0x20001ffc        0x4 obj/os_io_usb.o
                0x20001ffc                G_io_usb_hid_remaining_length
 .bss.G_io_usb_hid_current_buffer
                0x20002000        0x4 obj/os_io_usb.o
                0x20002000                G_io_usb_hid_current_buffer
 .bss.G_io_usb_hid_channel
                0x20002004        0x4 obj/os_io_usb.o
                0x20002004                G_io_usb_hid_channel
 .bss.ep_in_stall
                0x20002008        0x4 obj/usbd_conf.o
                0x20002008                ep_in_stall
 .bss.ep_out_stall
                0x2000200c        0x4 obj/usbd_conf.o
                0x2000200c                ep_out_stall
 .bss.USBD_Device
                0x20002010      0x114 obj/usbd_core.o
                0x20002010                USBD_Device
 .bss.ux_menu   0x20002124       0x14 obj/ux_legacy.o
                0x20002124                ux_menu
                0x20002138                _ebss = .
                0x20002138                . = ALIGN (0x4)
                0x20002138                app_stack_canary = .
                [!provide]                PROVIDE (app_stack_canary, .)
                0x2000213c                . = (. + 0x4)
 *fill*         0x20002138        0x4 00
                0x2000213c                _stack_validation = .
                0x2000233c                . = (_stack_validation + STACK_SIZE)
 *fill*         0x2000213c      0x200 00
                0x20002600                _stack = (ABSOLUTE (END_STACK) - STACK_SIZE)
                [!provide]                PROVIDE (_stack, (ABSOLUTE (END_STACK) - STACK_SIZE))
                0x20002800                _estack = ABSOLUTE (END_STACK)
                [!provide]                PROVIDE (_estack, ABSOLUTE (END_STACK))

DEBUG           0xd0000000        0x8
 libc.a(*)
 libm.a(*)
 libgcc.a(*)
 *(.ARM.exidx* .gnu.linkonce.armexidx.*)
 .ARM.exidx.text.base32_encode
                0xd0000000        0x0 obj/base32.o
                                  0x8 (size before relaxing)
 .ARM.exidx.text.cx_hash_X
                0xd0000000        0x0 obj/cx_compliance_141.o
                                  0x8 (size before relaxing)
 .ARM.exidx.text.cx_ecfp_get_domain_length
                0xd0000000        0x0 obj/cx_compliance_141.o
                                  0x8 (size before relaxing)
 .ARM.exidx.text.cx_eddsa_sign_X
                0xd0000000        0x0 obj/cx_compliance_141.o
                                  0x8 (size before relaxing)
 .ARM.exidx.text.ui_address_prepro
                0xd0000000        0x0 obj/main.o
                                  0x8 (size before relaxing)
 .ARM.exidx.text.ui_idle
                0xd0000000        0x0 obj/main.o
                                  0x8 (size before relaxing)
 .ARM.exidx.text.ui_approval_prepro
                0xd0000000        0x0 obj/main.o
                                  0x8 (size before relaxing)
 .ARM.exidx.text.io_seproxyhal_touch_address_ok
                0xd0000000        0x0 obj/main.o
                                  0x8 (size before relaxing)
 .ARM.exidx.text.ui_address_nanos_button
                0xd0000000        0x0 obj/main.o
                                  0x8 (size before relaxing)
 .ARM.exidx.text.io_seproxyhal_touch_tx_ok
                0xd0000000        0x0 obj/main.o
                                  0x8 (size before relaxing)
 .ARM.exidx.text.ui_approval_nanos_button
                0xd0000000        0x0 obj/main.o
                                  0x8 (size before relaxing)
 .ARM.exidx.text.io_exchange_al
                0xd0000000        0x0 obj/main.o
                                  0x8 (size before relaxing)
 .ARM.exidx.text.handleGetPublicKey
                0xd0000000        0x0 obj/main.o
                                  0x8 (size before relaxing)
 .ARM.exidx.text.io_seproxyhal_display
                0xd0000000        0x0 obj/main.o
                                  0x8 (size before relaxing)
 .ARM.exidx.text.display_tx
                0xd0000000        0x0 obj/main.o
                                  0x8 (size before relaxing)
 .ARM.exidx.text.handleSign
                0xd0000000        0x0 obj/main.o
                                  0x8 (size before relaxing)
 .ARM.exidx.text.handleGetAppConfiguration
                0xd0000000        0x0 obj/main.o
                                  0x8 (size before relaxing)
 .ARM.exidx.text.nem_main
                0xd0000000        0x0 obj/main.o
                                  0x8 (size before relaxing)
 .ARM.exidx.text.io_event
                0xd0000000        0x0 obj/main.o
                                  0x8 (size before relaxing)
 .ARM.exidx.text.app_exit
                0xd0000000        0x0 obj/main.o
                                  0x8 (size before relaxing)
 .ARM.exidx.boot
                0xd0000000        0x8 obj/main.o
 .ARM.exidx.text.readNetworkIdFromBip32path
                0xd0000008        0x0 obj/nemHelpers.o
                                  0x8 (size before relaxing)
 .ARM.exidx.text.reverseBytes
                0xd0000008        0x0 obj/nemHelpers.o
                                  0x8 (size before relaxing)
 .ARM.exidx.text.getUint16
                0xd0000008        0x0 obj/nemHelpers.o
                                  0x8 (size before relaxing)
 .ARM.exidx.text.to_nem_public_key_and_address
                0xd0000008        0x0 obj/nemHelpers.o
                                  0x8 (size before relaxing)
 .ARM.exidx.text.get_apdu_buffer_length
                0xd0000008        0x0 obj/nemHelpers.o
                                  0x8 (size before relaxing)
 .ARM.exidx.text.clean_raw_tx
                0xd0000008        0x0 obj/nemHelpers.o
                                  0x8 (size before relaxing)
 .ARM.exidx.text.os_boot
                0xd0000008        0x0 obj/os.o
                                  0x8 (size before relaxing)
 .ARM.exidx.text.os_memmove
                0xd0000008        0x0 obj/os.o
                                  0x8 (size before relaxing)
 .ARM.exidx.text.os_memset
                0xd0000008        0x0 obj/os.o
                                  0x8 (size before relaxing)
 .ARM.exidx.text.os_memcmp
                0xd0000008        0x0 obj/os.o
                                  0x8 (size before relaxing)
 .ARM.exidx.text.os_longjmp
                0xd0000008        0x0 obj/os.o
                                  0x8 (size before relaxing)
 .ARM.exidx.text.io_seproxyhal_general_status
                0xd0000008        0x0 obj/os_io_seproxyhal.o
                                  0x8 (size before relaxing)
 .ARM.exidx.text.io_seproxyhal_handle_usb_event
                0xd0000008        0x0 obj/os_io_seproxyhal.o
                                  0x8 (size before relaxing)
 .ARM.exidx.text.io_seproxyhal_get_ep_rx_size
                0xd0000008        0x0 obj/os_io_seproxyhal.o
                                  0x8 (size before relaxing)
 .ARM.exidx.text.io_seproxyhal_handle_usb_ep_xfer_event
                0xd0000008        0x0 obj/os_io_seproxyhal.o
                                  0x8 (size before relaxing)
 .ARM.exidx.text.io_usb_send_ep
                0xd0000008        0x0 obj/os_io_seproxyhal.o
                                  0x8 (size before relaxing)
 .ARM.exidx.text.io_usb_send_apdu_data
                0xd0000008        0x0 obj/os_io_seproxyhal.o
                                  0x8 (size before relaxing)
 .ARM.exidx.text.io_usb_send_apdu_data_ep0x83
                0xd0000008        0x0 obj/os_io_seproxyhal.o
                                  0x8 (size before relaxing)
 .ARM.exidx.text.io_seproxyhal_handle_capdu_event
                0xd0000008        0x0 obj/os_io_seproxyhal.o
                                  0x8 (size before relaxing)
 .ARM.exidx.text.io_seproxyhal_handle_event
                0xd0000008        0x0 obj/os_io_seproxyhal.o
                                  0x8 (size before relaxing)
 .ARM.exidx.text.io_seproxyhal_init
                0xd0000008        0x0 obj/os_io_seproxyhal.o
                                  0x8 (size before relaxing)
 .ARM.exidx.text.io_seproxyhal_init_ux
                0xd0000008        0x0 obj/os_io_seproxyhal.o
                                  0x8 (size before relaxing)
 .ARM.exidx.text.io_seproxyhal_init_button
                0xd0000008        0x0 obj/os_io_seproxyhal.o
                                  0x8 (size before relaxing)
 .ARM.exidx.text.io_seproxyhal_display_icon
                0xd0000008        0x0 obj/os_io_seproxyhal.o
                                  0x8 (size before relaxing)
 .ARM.exidx.text.io_seproxyhal_display_default
                0xd0000008        0x0 obj/os_io_seproxyhal.o
                                  0x8 (size before relaxing)
 .ARM.exidx.text.bagl_label_roundtrip_duration_ms
                0xd0000008        0x0 obj/os_io_seproxyhal.o
                                  0x8 (size before relaxing)
 .ARM.exidx.text.bagl_label_roundtrip_duration_ms_buf
                0xd0000008        0x0 obj/os_io_seproxyhal.o
                                  0x8 (size before relaxing)
 .ARM.exidx.text.io_seproxyhal_button_push
                0xd0000008        0x0 obj/os_io_seproxyhal.o
                                  0x8 (size before relaxing)
 .ARM.exidx.text.os_io_seproxyhal_get_app_name_and_version
                0xd0000008        0x0 obj/os_io_seproxyhal.o
                                  0x8 (size before relaxing)
 .ARM.exidx.text.io_exchange
                0xd0000008        0x0 obj/os_io_seproxyhal.o
                                  0x8 (size before relaxing)
 .ARM.exidx.text.os_io_seph_recv_and_process
                0xd0000008        0x0 obj/os_io_seproxyhal.o
                                  0x8 (size before relaxing)
 .ARM.exidx.text.mcu_usb_printc
                0xd0000008        0x0 obj/os_io_seproxyhal.o
                                  0x8 (size before relaxing)
 .ARM.exidx.text.io_usb_hid_receive
                0xd0000008        0x0 obj/os_io_usb.o
                                  0x8 (size before relaxing)
 .ARM.exidx.text.io_usb_hid_init
                0xd0000008        0x0 obj/os_io_usb.o
                                  0x8 (size before relaxing)
 .ARM.exidx.text.io_usb_hid_sent
                0xd0000008        0x0 obj/os_io_usb.o
                                  0x8 (size before relaxing)
 .ARM.exidx.text.io_usb_hid_send
                0xd0000008        0x0 obj/os_io_usb.o
                                  0x8 (size before relaxing)
 .ARM.exidx.text.mcu_usb_prints
                0xd0000008        0x0 obj/os_printf.o
                                  0x8 (size before relaxing)
 .ARM.exidx.text.mcu_usb_printf
                0xd0000008        0x0 obj/os_printf.o
                                  0x8 (size before relaxing)
 .ARM.exidx.text.pic
                0xd0000008        0x0 obj/pic.o
                                  0x8 (size before relaxing)
 .ARM.exidx.text.pic_internal
                0xd0000008        0x0 obj/pic_internal.o
                                  0x8 (size before relaxing)
 .ARM.exidx.text.SVC_Call
                0xd0000008        0x0 obj/syscalls.o
                                  0x8 (size before relaxing)
 .ARM.exidx.text.check_api_level
                0xd0000008        0x0 obj/syscalls.o
                                  0x8 (size before relaxing)
 .ARM.exidx.text.halt
                0xd0000008        0x0 obj/syscalls.o
                                  0x8 (size before relaxing)
 .ARM.exidx.text.cx_rng
                0xd0000008        0x0 obj/syscalls.o
                                  0x8 (size before relaxing)
 .ARM.exidx.text.cx_hash
                0xd0000008        0x0 obj/syscalls.o
                                  0x8 (size before relaxing)
 .ARM.exidx.text.cx_ripemd160_init
                0xd0000008        0x0 obj/syscalls.o
                                  0x8 (size before relaxing)
 .ARM.exidx.text.cx_sha3_init
                0xd0000008        0x0 obj/syscalls.o
                                  0x8 (size before relaxing)
 .ARM.exidx.text.cx_ecfp_init_private_key
                0xd0000008        0x0 obj/syscalls.o
                                  0x8 (size before relaxing)
 .ARM.exidx.text.cx_ecfp_generate_pair2
                0xd0000008        0x0 obj/syscalls.o
                                  0x8 (size before relaxing)
 .ARM.exidx.text.cx_eddsa_sign
                0xd0000008        0x0 obj/syscalls.o
                                  0x8 (size before relaxing)
 .ARM.exidx.text.cx_crc16_update
                0xd0000008        0x0 obj/syscalls.o
                                  0x8 (size before relaxing)
 .ARM.exidx.text.os_perso_isonboarded
                0xd0000008        0x0 obj/syscalls.o
                                  0x8 (size before relaxing)
 .ARM.exidx.text.os_perso_derive_node_bip32
                0xd0000008        0x0 obj/syscalls.o
                                  0x8 (size before relaxing)
 .ARM.exidx.text.os_perso_seed_cookie
                0xd0000008        0x0 obj/syscalls.o
                                  0x8 (size before relaxing)
 .ARM.exidx.text.os_global_pin_is_validated
                0xd0000008        0x0 obj/syscalls.o
                                  0x8 (size before relaxing)
 .ARM.exidx.text.os_ux
                0xd0000008        0x0 obj/syscalls.o
                                  0x8 (size before relaxing)
 .ARM.exidx.text.os_flags
                0xd0000008        0x0 obj/syscalls.o
                                  0x8 (size before relaxing)
 .ARM.exidx.text.os_registry_get_current_app_tag
                0xd0000008        0x0 obj/syscalls.o
                                  0x8 (size before relaxing)
 .ARM.exidx.text.os_sched_exit
                0xd0000008        0x0 obj/syscalls.o
                                  0x8 (size before relaxing)
 .ARM.exidx.text.io_seph_send
                0xd0000008        0x0 obj/syscalls.o
                                  0x8 (size before relaxing)
 .ARM.exidx.text.io_seph_is_status_sent
                0xd0000008        0x0 obj/syscalls.o
                                  0x8 (size before relaxing)
 .ARM.exidx.text.io_seph_recv
                0xd0000008        0x0 obj/syscalls.o
                                  0x8 (size before relaxing)
 .ARM.exidx.text.try_context_get
                0xd0000008        0x0 obj/syscalls.o
                                  0x8 (size before relaxing)
 .ARM.exidx.text.try_context_set
                0xd0000008        0x0 obj/syscalls.o
                                  0x8 (size before relaxing)
 .ARM.exidx.text.os_sched_last_status
                0xd0000008        0x0 obj/syscalls.o
                                  0x8 (size before relaxing)
 .ARM.exidx.text.u2f_apdu_sign
                0xd0000008        0x0 obj/u2f_impl.o
                                  0x8 (size before relaxing)
 .ARM.exidx.text.u2f_handle_cmd_init
                0xd0000008        0x0 obj/u2f_impl.o
                                  0x8 (size before relaxing)
 .ARM.exidx.text.u2f_handle_cmd_msg
                0xd0000008        0x0 obj/u2f_impl.o
                                  0x8 (size before relaxing)
 .ARM.exidx.text.u2f_message_complete
                0xd0000008        0x0 obj/u2f_impl.o
                                  0x8 (size before relaxing)
 .ARM.exidx.text.u2f_io_send
                0xd0000008        0x0 obj/u2f_io.o
                                  0x8 (size before relaxing)
 .ARM.exidx.text.u2f_transport_init
                0xd0000008        0x0 obj/u2f_transport.o
                                  0x8 (size before relaxing)
 .ARM.exidx.text.u2f_transport_sent
                0xd0000008        0x0 obj/u2f_transport.o
                                  0x8 (size before relaxing)
 .ARM.exidx.text.u2f_message_repliable
                0xd0000008        0x0 obj/u2f_transport.o
                                  0x8 (size before relaxing)
 .ARM.exidx.text.u2f_transport_send_usb_user_presence_required
                0xd0000008        0x0 obj/u2f_transport.o
                                  0x8 (size before relaxing)
 .ARM.exidx.text.u2f_transport_send_wink
                0xd0000008        0x0 obj/u2f_transport.o
                                  0x8 (size before relaxing)
 .ARM.exidx.text.u2f_transport_receive_fakeChannel
                0xd0000008        0x0 obj/u2f_transport.o
                                  0x8 (size before relaxing)
 .ARM.exidx.text.u2f_transport_received
                0xd0000008        0x0 obj/u2f_transport.o
                                  0x8 (size before relaxing)
 .ARM.exidx.text.u2f_is_channel_broadcast
                0xd0000008        0x0 obj/u2f_transport.o
                                  0x8 (size before relaxing)
 .ARM.exidx.text.u2f_message_set_autoreply_wait_user_presence
                0xd0000008        0x0 obj/u2f_transport.o
                                  0x8 (size before relaxing)
 .ARM.exidx.text.u2f_message_reply
                0xd0000008        0x0 obj/u2f_transport.o
                                  0x8 (size before relaxing)
 .ARM.exidx.text.USBD_LL_Init
                0xd0000008        0x0 obj/usbd_conf.o
                                  0x8 (size before relaxing)
 .ARM.exidx.text.USBD_LL_DeInit
                0xd0000008        0x0 obj/usbd_conf.o
                                  0x8 (size before relaxing)
 .ARM.exidx.text.USBD_LL_Start
                0xd0000008        0x0 obj/usbd_conf.o
                                  0x8 (size before relaxing)
 .ARM.exidx.text.USBD_LL_Stop
                0xd0000008        0x0 obj/usbd_conf.o
                                  0x8 (size before relaxing)
 .ARM.exidx.text.USBD_LL_OpenEP
                0xd0000008        0x0 obj/usbd_conf.o
                                  0x8 (size before relaxing)
 .ARM.exidx.text.USBD_LL_CloseEP
                0xd0000008        0x0 obj/usbd_conf.o
                                  0x8 (size before relaxing)
 .ARM.exidx.text.USBD_LL_StallEP
                0xd0000008        0x0 obj/usbd_conf.o
                                  0x8 (size before relaxing)
 .ARM.exidx.text.USBD_LL_ClearStallEP
                0xd0000008        0x0 obj/usbd_conf.o
                                  0x8 (size before relaxing)
 .ARM.exidx.text.USBD_LL_IsStallEP
                0xd0000008        0x0 obj/usbd_conf.o
                                  0x8 (size before relaxing)
 .ARM.exidx.text.USBD_LL_SetUSBAddress
                0xd0000008        0x0 obj/usbd_conf.o
                                  0x8 (size before relaxing)
 .ARM.exidx.text.USBD_LL_Transmit
                0xd0000008        0x0 obj/usbd_conf.o
                                  0x8 (size before relaxing)
 .ARM.exidx.text.USBD_LL_PrepareReceive
                0xd0000008        0x0 obj/usbd_conf.o
                                  0x8 (size before relaxing)
 .ARM.exidx.text.USBD_Init
                0xd0000008        0x0 obj/usbd_core.o
                                  0x8 (size before relaxing)
 .ARM.exidx.text.USBD_DeInit
                0xd0000008        0x0 obj/usbd_core.o
                                  0x8 (size before relaxing)
 .ARM.exidx.text.USBD_RegisterClassForInterface
                0xd0000008        0x0 obj/usbd_core.o
                                  0x8 (size before relaxing)
 .ARM.exidx.text.USBD_Start
                0xd0000008        0x0 obj/usbd_core.o
                                  0x8 (size before relaxing)
 .ARM.exidx.text.USBD_SetClassConfig
                0xd0000008        0x0 obj/usbd_core.o
                                  0x8 (size before relaxing)
 .ARM.exidx.text.USBD_ClrClassConfig
                0xd0000008        0x0 obj/usbd_core.o
                                  0x8 (size before relaxing)
 .ARM.exidx.text.USBD_LL_SetupStage
                0xd0000008        0x0 obj/usbd_core.o
                                  0x8 (size before relaxing)
 .ARM.exidx.text.USBD_LL_DataOutStage
                0xd0000008        0x0 obj/usbd_core.o
                                  0x8 (size before relaxing)
 .ARM.exidx.text.USBD_LL_DataInStage
                0xd0000008        0x0 obj/usbd_core.o
                                  0x8 (size before relaxing)
 .ARM.exidx.text.USBD_LL_Reset
                0xd0000008        0x0 obj/usbd_core.o
                                  0x8 (size before relaxing)
 .ARM.exidx.text.USBD_LL_SetSpeed
                0xd0000008        0x0 obj/usbd_core.o
                                  0x8 (size before relaxing)
 .ARM.exidx.text.USBD_LL_Suspend
                0xd0000008        0x0 obj/usbd_core.o
                                  0x8 (size before relaxing)
 .ARM.exidx.text.USBD_LL_Resume
                0xd0000008        0x0 obj/usbd_core.o
                                  0x8 (size before relaxing)
 .ARM.exidx.text.USBD_LL_SOF
                0xd0000008        0x0 obj/usbd_core.o
                                  0x8 (size before relaxing)
 .ARM.exidx.text.usbd_is_valid_intf
                0xd0000008        0x0 obj/usbd_ctlreq.o
                                  0x8 (size before relaxing)
 .ARM.exidx.text.USBD_StdDevReq
                0xd0000008        0x0 obj/usbd_ctlreq.o
                                  0x8 (size before relaxing)
 .ARM.exidx.text.USBD_GetDescriptor
                0xd0000008        0x0 obj/usbd_ctlreq.o
                                  0x8 (size before relaxing)
 .ARM.exidx.text.USBD_SetAddress
                0xd0000008        0x0 obj/usbd_ctlreq.o
                                  0x8 (size before relaxing)
 .ARM.exidx.text.USBD_SetConfig
                0xd0000008        0x0 obj/usbd_ctlreq.o
                                  0x8 (size before relaxing)
 .ARM.exidx.text.USBD_GetConfig
                0xd0000008        0x0 obj/usbd_ctlreq.o
                                  0x8 (size before relaxing)
 .ARM.exidx.text.USBD_GetStatus
                0xd0000008        0x0 obj/usbd_ctlreq.o
                                  0x8 (size before relaxing)
 .ARM.exidx.text.USBD_SetFeature
                0xd0000008        0x0 obj/usbd_ctlreq.o
                                  0x8 (size before relaxing)
 .ARM.exidx.text.USBD_ClrFeature
                0xd0000008        0x0 obj/usbd_ctlreq.o
                                  0x8 (size before relaxing)
 .ARM.exidx.text.USBD_StdItfReq
                0xd0000008        0x0 obj/usbd_ctlreq.o
                                  0x8 (size before relaxing)
 .ARM.exidx.text.USBD_StdEPReq
                0xd0000008        0x0 obj/usbd_ctlreq.o
                                  0x8 (size before relaxing)
 .ARM.exidx.text.USBD_ParseSetupRequest
                0xd0000008        0x0 obj/usbd_ctlreq.o
                                  0x8 (size before relaxing)
 .ARM.exidx.text.USBD_CtlStall
                0xd0000008        0x0 obj/usbd_ctlreq.o
                                  0x8 (size before relaxing)
 .ARM.exidx.text.USBD_HID_Setup
                0xd0000008        0x0 obj/usbd_hid.o
                                  0x8 (size before relaxing)
 .ARM.exidx.text.USBD_HID_Init
                0xd0000008        0x0 obj/usbd_hid.o
                                  0x8 (size before relaxing)
 .ARM.exidx.text.USBD_HID_DeInit
                0xd0000008        0x0 obj/usbd_hid.o
                                  0x8 (size before relaxing)
 .ARM.exidx.text.USBD_HID_GetHidDescriptor_impl
                0xd0000008        0x0 obj/usbd_impl.o
                                  0x8 (size before relaxing)
 .ARM.exidx.text.USBD_HID_GetReportDescriptor_impl
                0xd0000008        0x0 obj/usbd_impl.o
                                  0x8 (size before relaxing)
 .ARM.exidx.text.USBD_U2F_Init
                0xd0000008        0x0 obj/usbd_impl.o
                                  0x8 (size before relaxing)
 .ARM.exidx.text.USBD_U2F_DataIn_impl
                0xd0000008        0x0 obj/usbd_impl.o
                                  0x8 (size before relaxing)
 .ARM.exidx.text.USBD_U2F_DataOut_impl
                0xd0000008        0x0 obj/usbd_impl.o
                                  0x8 (size before relaxing)
 .ARM.exidx.text.USBD_HID_DataIn_impl
                0xd0000008        0x0 obj/usbd_impl.o
                                  0x8 (size before relaxing)
 .ARM.exidx.text.USBD_HID_DataOut_impl
                0xd0000008        0x0 obj/usbd_impl.o
                                  0x8 (size before relaxing)
 .ARM.exidx.text.USBD_WEBUSB_Init
                0xd0000008        0x0 obj/usbd_impl.o
                                  0x8 (size before relaxing)
 .ARM.exidx.text.USBD_WEBUSB_DeInit
                0xd0000008        0x0 obj/usbd_impl.o
                                  0x8 (size before relaxing)
 .ARM.exidx.text.USBD_WEBUSB_Setup
                0xd0000008        0x0 obj/usbd_impl.o
                                  0x8 (size before relaxing)
 .ARM.exidx.text.USBD_WEBUSB_DataIn
                0xd0000008        0x0 obj/usbd_impl.o
                                  0x8 (size before relaxing)
 .ARM.exidx.text.USBD_WEBUSB_DataOut
                0xd0000008        0x0 obj/usbd_impl.o
                                  0x8 (size before relaxing)
 .ARM.exidx.text.USBD_DeviceDescriptor
                0xd0000008        0x0 obj/usbd_impl.o
                                  0x8 (size before relaxing)
 .ARM.exidx.text.USBD_LangIDStrDescriptor
                0xd0000008        0x0 obj/usbd_impl.o
                                  0x8 (size before relaxing)
 .ARM.exidx.text.USBD_ManufacturerStrDescriptor
                0xd0000008        0x0 obj/usbd_impl.o
                                  0x8 (size before relaxing)
 .ARM.exidx.text.USBD_ProductStrDescriptor
                0xd0000008        0x0 obj/usbd_impl.o
                                  0x8 (size before relaxing)
 .ARM.exidx.text.USBD_SerialStrDescriptor
                0xd0000008        0x0 obj/usbd_impl.o
                                  0x8 (size before relaxing)
 .ARM.exidx.text.USBD_ConfigStrDescriptor
                0xd0000008        0x0 obj/usbd_impl.o
                                  0x8 (size before relaxing)
 .ARM.exidx.text.USBD_InterfaceStrDescriptor
                0xd0000008        0x0 obj/usbd_impl.o
                                  0x8 (size before relaxing)
 .ARM.exidx.text.USBD_BOSDescriptor
                0xd0000008        0x0 obj/usbd_impl.o
                                  0x8 (size before relaxing)
 .ARM.exidx.text.USBD_CtlError
                0xd0000008        0x0 obj/usbd_impl.o
                                  0x8 (size before relaxing)
 .ARM.exidx.text.USB_power
                0xd0000008        0x0 obj/usbd_impl.o
                                  0x8 (size before relaxing)
 .ARM.exidx.text.USBD_GetCfgDesc_impl
                0xd0000008        0x0 obj/usbd_impl.o
                                  0x8 (size before relaxing)
 .ARM.exidx.text.USBD_GetDeviceQualifierDesc_impl
                0xd0000008        0x0 obj/usbd_impl.o
                                  0x8 (size before relaxing)
 .ARM.exidx.text.USBD_CtlSendData
                0xd0000008        0x0 obj/usbd_ioreq.o
                                  0x8 (size before relaxing)
 .ARM.exidx.text.USBD_CtlContinueSendData
                0xd0000008        0x0 obj/usbd_ioreq.o
                                  0x8 (size before relaxing)
 .ARM.exidx.text.USBD_CtlContinueRx
                0xd0000008        0x0 obj/usbd_ioreq.o
                                  0x8 (size before relaxing)
 .ARM.exidx.text.USBD_CtlSendStatus
                0xd0000008        0x0 obj/usbd_ioreq.o
                                  0x8 (size before relaxing)
 .ARM.exidx.text.USBD_CtlReceiveStatus
                0xd0000008        0x0 obj/usbd_ioreq.o
                                  0x8 (size before relaxing)
 .ARM.exidx.text.ux_menu_element_preprocessor
                0xd0000008        0x0 obj/ux_legacy.o
                                  0x8 (size before relaxing)
 .ARM.exidx.text.ux_menu_elements_button
                0xd0000008        0x0 obj/ux_legacy.o
                                  0x8 (size before relaxing)
 .ARM.exidx.text.ux_menu_display
                0xd0000008        0x0 obj/ux_legacy.o
                                  0x8 (size before relaxing)
 .ARM.exidx.text.ux_stack_push
                0xd0000008        0x0 obj/ux_stack.o
                                  0x8 (size before relaxing)

.rel.dyn        0xd0000008        0x0
 .rel.iplt      0xd0000008        0x0 obj/base32.o

.stab
 *(.stab)

.stabstr
 *(.stabstr)

.stab.excl
 *(.stab.excl)

.stab.exclstr
 *(.stab.exclstr)

.stab.index
 *(.stab.index)

.stab.indexstr
 *(.stab.indexstr)

.comment        0x00000000       0x2d
 *(.comment)
 .comment       0x00000000       0x2d obj/base32.o
                                 0x2e (size before relaxing)
 .comment       0x0000002d       0x2e obj/cx_compliance_141.o
 .comment       0x0000002d       0x2e obj/glyphs.o
 .comment       0x0000002d       0x2e obj/main.o
 .comment       0x0000002d       0x2e obj/nemHelpers.o
 .comment       0x0000002d       0x2e obj/os.o
 .comment       0x0000002d       0x2e obj/os_io_seproxyhal.o
 .comment       0x0000002d       0x2e obj/os_io_usb.o
 .comment       0x0000002d       0x2e obj/os_printf.o
 .comment       0x0000002d       0x2e obj/pic.o
 .comment       0x0000002d       0x2e obj/pic_internal.o
 .comment       0x0000002d       0x2e obj/syscalls.o
 .comment       0x0000002d       0x2e obj/u2f_impl.o
 .comment       0x0000002d       0x2e obj/u2f_io.o
 .comment       0x0000002d       0x2e obj/u2f_transport.o
 .comment       0x0000002d       0x2e obj/usbd_conf.o
 .comment       0x0000002d       0x2e obj/usbd_core.o
 .comment       0x0000002d       0x2e obj/usbd_ctlreq.o
 .comment       0x0000002d       0x2e obj/usbd_hid.o
 .comment       0x0000002d       0x2e obj/usbd_impl.o
 .comment       0x0000002d       0x2e obj/usbd_ioreq.o
 .comment       0x0000002d       0x2e obj/ux_legacy.o
 .comment       0x0000002d       0x2e obj/ux_stack.o

.note.GNU-stack
                0x00000000        0x0
 .note.GNU-stack
                0x00000000        0x0 obj/base32.o
 .note.GNU-stack
                0x00000000        0x0 obj/cx_compliance_141.o
 .note.GNU-stack
                0x00000000        0x0 obj/glyphs.o
 .note.GNU-stack
                0x00000000        0x0 obj/main.o
 .note.GNU-stack
                0x00000000        0x0 obj/nemHelpers.o
 .note.GNU-stack
                0x00000000        0x0 obj/os.o
 .note.GNU-stack
                0x00000000        0x0 obj/os_io_seproxyhal.o
 .note.GNU-stack
                0x00000000        0x0 obj/os_io_usb.o
 .note.GNU-stack
                0x00000000        0x0 obj/os_printf.o
 .note.GNU-stack
                0x00000000        0x0 obj/pic.o
 .note.GNU-stack
                0x00000000        0x0 obj/pic_internal.o
 .note.GNU-stack
                0x00000000        0x0 obj/syscalls.o
 .note.GNU-stack
                0x00000000        0x0 obj/u2f_impl.o
 .note.GNU-stack
                0x00000000        0x0 obj/u2f_io.o
 .note.GNU-stack
                0x00000000        0x0 obj/u2f_transport.o
 .note.GNU-stack
                0x00000000        0x0 obj/usbd_conf.o
 .note.GNU-stack
                0x00000000        0x0 obj/usbd_core.o
 .note.GNU-stack
                0x00000000        0x0 obj/usbd_ctlreq.o
 .note.GNU-stack
                0x00000000        0x0 obj/usbd_hid.o
 .note.GNU-stack
                0x00000000        0x0 obj/usbd_impl.o
 .note.GNU-stack
                0x00000000        0x0 obj/usbd_ioreq.o
 .note.GNU-stack
                0x00000000        0x0 obj/ux_legacy.o
 .note.GNU-stack
                0x00000000        0x0 obj/ux_stack.o

.ARM.attributes
                0x00000000       0x33
 .ARM.attributes
                0x00000000       0x43 obj/base32.o
 .ARM.attributes
                0x00000043       0x43 obj/cx_compliance_141.o
 .ARM.attributes
                0x00000086       0x41 obj/glyphs.o
 .ARM.attributes
                0x000000c7       0x43 obj/main.o
 .ARM.attributes
                0x0000010a       0x43 obj/nemHelpers.o
 .ARM.attributes
                0x0000014d       0x43 obj/os.o
 .ARM.attributes
                0x00000190       0x43 obj/os_io_seproxyhal.o
 .ARM.attributes
                0x000001d3       0x43 obj/os_io_usb.o
 .ARM.attributes
                0x00000216       0x43 obj/os_printf.o
 .ARM.attributes
                0x00000259       0x43 obj/pic.o
 .ARM.attributes
                0x0000029c       0x43 obj/pic_internal.o
 .ARM.attributes
                0x000002df       0x43 obj/syscalls.o
 .ARM.attributes
                0x00000322       0x43 obj/u2f_impl.o
 .ARM.attributes
                0x00000365       0x43 obj/u2f_io.o
 .ARM.attributes
                0x000003a8       0x43 obj/u2f_transport.o
 .ARM.attributes
                0x000003eb       0x43 obj/usbd_conf.o
 .ARM.attributes
                0x0000042e       0x43 obj/usbd_core.o
 .ARM.attributes
                0x00000471       0x43 obj/usbd_ctlreq.o
 .ARM.attributes
                0x000004b4       0x43 obj/usbd_hid.o
 .ARM.attributes
                0x000004f7       0x43 obj/usbd_impl.o
 .ARM.attributes
                0x0000053a       0x43 obj/usbd_ioreq.o
 .ARM.attributes
                0x0000057d       0x43 obj/ux_legacy.o
 .ARM.attributes
                0x000005c0       0x43 obj/ux_stack.o
 .ARM.attributes
                0x00000603       0x1e /home/hpelite/bolos-devenv/gcc-arm-none-eabi-5_3-2016q1/bin/../lib/gcc/arm-none-eabi/5.3.1/armv6-m/libgcc.a(_udivsi3.o)
 .ARM.attributes
                0x00000621       0x1e /home/hpelite/bolos-devenv/gcc-arm-none-eabi-5_3-2016q1/bin/../lib/gcc/arm-none-eabi/5.3.1/armv6-m/libgcc.a(_dvmd_tls.o)
 .ARM.attributes
                0x0000063f       0x2c /home/hpelite/bolos-devenv/gcc-arm-none-eabi-5_3-2016q1/bin/../lib/gcc/arm-none-eabi/5.3.1/../../../../arm-none-eabi/lib/armv6-m/libc.a(lib_a-aeabi_memclr.o)
 .ARM.attributes
                0x0000066b       0x2c /home/hpelite/bolos-devenv/gcc-arm-none-eabi-5_3-2016q1/bin/../lib/gcc/arm-none-eabi/5.3.1/../../../../arm-none-eabi/lib/armv6-m/libc.a(lib_a-aeabi_memcpy.o)
 .ARM.attributes
                0x00000697       0x2c /home/hpelite/bolos-devenv/gcc-arm-none-eabi-5_3-2016q1/bin/../lib/gcc/arm-none-eabi/5.3.1/../../../../arm-none-eabi/lib/armv6-m/libc.a(lib_a-aeabi_memset.o)
 .ARM.attributes
                0x000006c3       0x2c /home/hpelite/bolos-devenv/gcc-arm-none-eabi-5_3-2016q1/bin/../lib/gcc/arm-none-eabi/5.3.1/../../../../arm-none-eabi/lib/armv6-m/libc.a(lib_a-memcpy-stub.o)
 .ARM.attributes
                0x000006ef       0x2c /home/hpelite/bolos-devenv/gcc-arm-none-eabi-5_3-2016q1/bin/../lib/gcc/arm-none-eabi/5.3.1/../../../../arm-none-eabi/lib/armv6-m/libc.a(lib_a-memset.o)
 .ARM.attributes
                0x0000071b       0x1c /home/hpelite/bolos-devenv/gcc-arm-none-eabi-5_3-2016q1/bin/../lib/gcc/arm-none-eabi/5.3.1/../../../../arm-none-eabi/lib/armv6-m/libc.a(lib_a-setjmp.o)
 .ARM.attributes
                0x00000737       0x2c /home/hpelite/bolos-devenv/gcc-arm-none-eabi-5_3-2016q1/bin/../lib/gcc/arm-none-eabi/5.3.1/../../../../arm-none-eabi/lib/armv6-m/libc.a(lib_a-strlen-stub.o)

.debug
 *(.debug)

.line
 *(.line)

.debug_srcinfo
 *(.debug_srcinfo)

.debug_sfnames
 *(.debug_sfnames)

.debug_aranges
 *(.debug_aranges)

.debug_pubnames
 *(.debug_pubnames)

.debug_info     0x00000000    0x10794
 *(.debug_info .gnu.linkonce.wi.*)
 .debug_info    0x00000000      0x138 obj/base32.o
 .debug_info    0x00000138     0x11de obj/cx_compliance_141.o
 .debug_info    0x00001316      0x35e obj/glyphs.o
 .debug_info    0x00001674     0x1aa6 obj/main.o
 .debug_info    0x0000311a     0x1fff obj/nemHelpers.o
 .debug_info    0x00005119      0x482 obj/os.o
 .debug_info    0x0000559b     0x14c9 obj/os_io_seproxyhal.o
 .debug_info    0x00006a64      0x20e obj/os_io_usb.o
 .debug_info    0x00006c72      0x37f obj/os_printf.o
 .debug_info    0x00006ff1       0x55 obj/pic.o
 .debug_info    0x00007046       0x45 obj/pic_internal.o
 .debug_info    0x0000708b     0x3db8 obj/syscalls.o
 .debug_info    0x0000ae43      0x7ca obj/u2f_impl.o
 .debug_info    0x0000b60d       0xcf obj/u2f_io.o
 .debug_info    0x0000b6dc      0x876 obj/u2f_transport.o
 .debug_info    0x0000bf52      0x997 obj/usbd_conf.o
 .debug_info    0x0000c8e9      0xb5d obj/usbd_core.o
 .debug_info    0x0000d446      0xaf9 obj/usbd_ctlreq.o
 .debug_info    0x0000df3f      0x6a8 obj/usbd_hid.o
 .debug_info    0x0000e5e7      0xda5 obj/usbd_impl.o
 .debug_info    0x0000f38c      0x746 obj/usbd_ioreq.o
 .debug_info    0x0000fad2      0x950 obj/ux_legacy.o
 .debug_info    0x00010422      0x372 obj/ux_stack.o

.debug_abbrev   0x00000000     0x2065
 *(.debug_abbrev)
 .debug_abbrev  0x00000000       0x7f obj/base32.o
 .debug_abbrev  0x0000007f      0x14f obj/cx_compliance_141.o
 .debug_abbrev  0x000001ce       0x9c obj/glyphs.o
 .debug_abbrev  0x0000026a      0x2b0 obj/main.o
 .debug_abbrev  0x0000051a      0x24a obj/nemHelpers.o
 .debug_abbrev  0x00000764      0x19c obj/os.o
 .debug_abbrev  0x00000900      0x2b6 obj/os_io_seproxyhal.o
 .debug_abbrev  0x00000bb6       0xf9 obj/os_io_usb.o
 .debug_abbrev  0x00000caf      0x135 obj/os_printf.o
 .debug_abbrev  0x00000de4       0x45 obj/pic.o
 .debug_abbrev  0x00000e29       0x36 obj/pic_internal.o
 .debug_abbrev  0x00000e5f      0x1d1 obj/syscalls.o
 .debug_abbrev  0x00001030      0x17b obj/u2f_impl.o
 .debug_abbrev  0x000011ab       0x6b obj/u2f_io.o
 .debug_abbrev  0x00001216      0x201 obj/u2f_transport.o
 .debug_abbrev  0x00001417      0x15e obj/usbd_conf.o
 .debug_abbrev  0x00001575      0x1f0 obj/usbd_core.o
 .debug_abbrev  0x00001765      0x209 obj/usbd_ctlreq.o
 .debug_abbrev  0x0000196e      0x109 obj/usbd_hid.o
 .debug_abbrev  0x00001a77      0x1a7 obj/usbd_impl.o
 .debug_abbrev  0x00001c1e       0xfa obj/usbd_ioreq.o
 .debug_abbrev  0x00001d18      0x1df obj/ux_legacy.o
 .debug_abbrev  0x00001ef7      0x16e obj/ux_stack.o

.debug_line     0x00000000     0x8c77
 *(.debug_line)
 .debug_line    0x00000000      0x119 obj/base32.o
 .debug_line    0x00000119      0x759 obj/cx_compliance_141.o
 .debug_line    0x00000872       0x5e obj/glyphs.o
 .debug_line    0x000008d0      0xab5 obj/main.o
 .debug_line    0x00001385     0x14e3 obj/nemHelpers.o
 .debug_line    0x00002868      0x3f1 obj/os.o
 .debug_line    0x00002c59      0xc9f obj/os_io_seproxyhal.o
 .debug_line    0x000038f8      0x2ab obj/os_io_usb.o
 .debug_line    0x00003ba3      0x754 obj/os_printf.o
 .debug_line    0x000042f7       0x71 obj/pic.o
 .debug_line    0x00004368       0x68 obj/pic_internal.o
 .debug_line    0x000043d0     0x18f7 obj/syscalls.o
 .debug_line    0x00005cc7      0x3d5 obj/u2f_impl.o
 .debug_line    0x0000609c       0xf0 obj/u2f_io.o
 .debug_line    0x0000618c      0x83c obj/u2f_transport.o
 .debug_line    0x000069c8      0x2d6 obj/usbd_conf.o
 .debug_line    0x00006c9e      0x5e4 obj/usbd_core.o
 .debug_line    0x00007282      0x756 obj/usbd_ctlreq.o
 .debug_line    0x000079d8      0x1b8 obj/usbd_hid.o
 .debug_line    0x00007b90      0x5ab obj/usbd_impl.o
 .debug_line    0x0000813b      0x19d obj/usbd_ioreq.o
 .debug_line    0x000082d8      0x629 obj/ux_legacy.o
 .debug_line    0x00008901      0x376 obj/ux_stack.o

.debug_frame    0x00000000     0x29a4
 *(.debug_frame)
 .debug_frame   0x00000000       0x30 obj/base32.o
 .debug_frame   0x00000030      0x320 obj/cx_compliance_141.o
 .debug_frame   0x00000350      0x258 obj/main.o
 .debug_frame   0x000005a8      0x23c obj/nemHelpers.o
 .debug_frame   0x000007e4      0x114 obj/os.o
 .debug_frame   0x000008f8      0x328 obj/os_io_seproxyhal.o
 .debug_frame   0x00000c20       0x78 obj/os_io_usb.o
 .debug_frame   0x00000c98       0x78 obj/os_printf.o
 .debug_frame   0x00000d10       0x28 obj/pic.o
 .debug_frame   0x00000d38       0x20 obj/pic_internal.o
 .debug_frame   0x00000d58      0xeac obj/syscalls.o
 .debug_frame   0x00001c04       0xe8 obj/u2f_impl.o
 .debug_frame   0x00001cec       0x2c obj/u2f_io.o
 .debug_frame   0x00001d18      0x13c obj/u2f_transport.o
 .debug_frame   0x00001e54      0x168 obj/usbd_conf.o
 .debug_frame   0x00001fbc      0x1f0 obj/usbd_core.o
 .debug_frame   0x000021ac      0x1a0 obj/usbd_ctlreq.o
 .debug_frame   0x0000234c       0x68 obj/usbd_hid.o
 .debug_frame   0x000023b4      0x210 obj/usbd_impl.o
 .debug_frame   0x000025c4       0xa8 obj/usbd_ioreq.o
 .debug_frame   0x0000266c      0x114 obj/ux_legacy.o
 .debug_frame   0x00002780      0x10c obj/ux_stack.o
 .debug_frame   0x0000288c       0x20 /home/hpelite/bolos-devenv/gcc-arm-none-eabi-5_3-2016q1/bin/../lib/gcc/arm-none-eabi/5.3.1/armv6-m/libgcc.a(_udivsi3.o)
 .debug_frame   0x000028ac       0x28 /home/hpelite/bolos-devenv/gcc-arm-none-eabi-5_3-2016q1/bin/../lib/gcc/arm-none-eabi/5.3.1/../../../../arm-none-eabi/lib/armv6-m/libc.a(lib_a-aeabi_memclr.o)
 .debug_frame   0x000028d4       0x28 /home/hpelite/bolos-devenv/gcc-arm-none-eabi-5_3-2016q1/bin/../lib/gcc/arm-none-eabi/5.3.1/../../../../arm-none-eabi/lib/armv6-m/libc.a(lib_a-aeabi_memcpy.o)
 .debug_frame   0x000028fc       0x28 /home/hpelite/bolos-devenv/gcc-arm-none-eabi-5_3-2016q1/bin/../lib/gcc/arm-none-eabi/5.3.1/../../../../arm-none-eabi/lib/armv6-m/libc.a(lib_a-aeabi_memset.o)
 .debug_frame   0x00002924       0x2c /home/hpelite/bolos-devenv/gcc-arm-none-eabi-5_3-2016q1/bin/../lib/gcc/arm-none-eabi/5.3.1/../../../../arm-none-eabi/lib/armv6-m/libc.a(lib_a-memcpy-stub.o)
 .debug_frame   0x00002950       0x2c /home/hpelite/bolos-devenv/gcc-arm-none-eabi-5_3-2016q1/bin/../lib/gcc/arm-none-eabi/5.3.1/../../../../arm-none-eabi/lib/armv6-m/libc.a(lib_a-memset.o)
 .debug_frame   0x0000297c       0x28 /home/hpelite/bolos-devenv/gcc-arm-none-eabi-5_3-2016q1/bin/../lib/gcc/arm-none-eabi/5.3.1/../../../../arm-none-eabi/lib/armv6-m/libc.a(lib_a-strlen-stub.o)

.debug_str      0x00000000     0x5331
 *(.debug_str)
 .debug_str     0x00000000       0xa3 obj/base32.o
                                 0xda (size before relaxing)
 .debug_str     0x000000a3      0x851 obj/cx_compliance_141.o
                                0x9ae (size before relaxing)
 .debug_str     0x000008f4      0x2b1 obj/glyphs.o
                                0x342 (size before relaxing)
 .debug_str     0x00000ba5      0xfce obj/main.o
                               0x14c0 (size before relaxing)
 .debug_str     0x00001b73      0x4f8 obj/nemHelpers.o
                                0xa31 (size before relaxing)
 .debug_str     0x0000206b      0x159 obj/os.o
                                0x21f (size before relaxing)
 .debug_str     0x000021c4      0x8fa obj/os_io_seproxyhal.o
                               0x1617 (size before relaxing)
 .debug_str     0x00002abe      0x188 obj/os_io_usb.o
                                0x2bd (size before relaxing)
 .debug_str     0x00002c46      0x129 obj/os_printf.o
                                0x1d8 (size before relaxing)
 .debug_str     0x00002d6f       0x3a obj/pic.o
                                 0x95 (size before relaxing)
 .debug_str     0x00002da9       0x3f obj/pic_internal.o
                                 0x9a (size before relaxing)
 .debug_str     0x00002de8      0xc99 obj/syscalls.o
                               0x1bb7 (size before relaxing)
 .debug_str     0x00003a81      0x18b obj/u2f_impl.o
                                0x672 (size before relaxing)
 .debug_str     0x00003c0c       0x43 obj/u2f_io.o
                                0x137 (size before relaxing)
 .debug_str     0x00003c4f      0x26c obj/u2f_transport.o
                                0x6c2 (size before relaxing)
 .debug_str     0x00003ebb      0x62a obj/usbd_conf.o
                                0x7aa (size before relaxing)
 .debug_str     0x000044e5      0x20f obj/usbd_core.o
                                0x870 (size before relaxing)
 .debug_str     0x000046f4      0x15e obj/usbd_ctlreq.o
                                0x7f3 (size before relaxing)
 .debug_str     0x00004852       0x88 obj/usbd_hid.o
                                0x6dd (size before relaxing)
 .debug_str     0x000048da      0x3a4 obj/usbd_impl.o
                                0xbb7 (size before relaxing)
 .debug_str     0x00004c7e       0xd0 obj/usbd_ioreq.o
                                0x729 (size before relaxing)
 .debug_str     0x00004d4e      0x4d1 obj/ux_legacy.o
                                0xc04 (size before relaxing)
 .debug_str     0x0000521f      0x112 obj/ux_stack.o
                                0x37b (size before relaxing)

.debug_loc      0x00000000     0x8a11
 *(.debug_loc)
 .debug_loc     0x00000000      0x19e obj/base32.o
 .debug_loc     0x0000019e      0xe5e obj/cx_compliance_141.o
 .debug_loc     0x00000ffc      0x672 obj/main.o
 .debug_loc     0x0000166e     0x1b91 obj/nemHelpers.o
 .debug_loc     0x000031ff      0x546 obj/os.o
 .debug_loc     0x00003745      0x67c obj/os_io_seproxyhal.o
 .debug_loc     0x00003dc1      0x118 obj/os_io_usb.o
 .debug_loc     0x00003ed9      0xbbe obj/os_printf.o
 .debug_loc     0x00004a97       0x13 obj/pic.o
 .debug_loc     0x00004aaa     0x1fce obj/syscalls.o
 .debug_loc     0x00006a78      0x419 obj/u2f_impl.o
 .debug_loc     0x00006e91       0x70 obj/u2f_io.o
 .debug_loc     0x00006f01      0x579 obj/u2f_transport.o
 .debug_loc     0x0000747a      0x225 obj/usbd_conf.o
 .debug_loc     0x0000769f      0x493 obj/usbd_core.o
 .debug_loc     0x00007b32      0x626 obj/usbd_ctlreq.o
 .debug_loc     0x00008158      0x111 obj/usbd_hid.o
 .debug_loc     0x00008269      0x2cb obj/usbd_impl.o
 .debug_loc     0x00008534      0x12b obj/usbd_ioreq.o
 .debug_loc     0x0000865f      0x2c2 obj/ux_legacy.o
 .debug_loc     0x00008921       0xf0 obj/ux_stack.o

.debug_macinfo  0x00000000       0x17
 *(.debug_macinfo)
 .debug_macinfo
                0x00000000        0x1 obj/base32.o
 .debug_macinfo
                0x00000001        0x1 obj/cx_compliance_141.o
 .debug_macinfo
                0x00000002        0x1 obj/glyphs.o
 .debug_macinfo
                0x00000003        0x1 obj/main.o
 .debug_macinfo
                0x00000004        0x1 obj/nemHelpers.o
 .debug_macinfo
                0x00000005        0x1 obj/os.o
 .debug_macinfo
                0x00000006        0x1 obj/os_io_seproxyhal.o
 .debug_macinfo
                0x00000007        0x1 obj/os_io_usb.o
 .debug_macinfo
                0x00000008        0x1 obj/os_printf.o
 .debug_macinfo
                0x00000009        0x1 obj/pic.o
 .debug_macinfo
                0x0000000a        0x1 obj/pic_internal.o
 .debug_macinfo
                0x0000000b        0x1 obj/syscalls.o
 .debug_macinfo
                0x0000000c        0x1 obj/u2f_impl.o
 .debug_macinfo
                0x0000000d        0x1 obj/u2f_io.o
 .debug_macinfo
                0x0000000e        0x1 obj/u2f_transport.o
 .debug_macinfo
                0x0000000f        0x1 obj/usbd_conf.o
 .debug_macinfo
                0x00000010        0x1 obj/usbd_core.o
 .debug_macinfo
                0x00000011        0x1 obj/usbd_ctlreq.o
 .debug_macinfo
                0x00000012        0x1 obj/usbd_hid.o
 .debug_macinfo
                0x00000013        0x1 obj/usbd_impl.o
 .debug_macinfo
                0x00000014        0x1 obj/usbd_ioreq.o
 .debug_macinfo
                0x00000015        0x1 obj/ux_legacy.o
 .debug_macinfo
                0x00000016        0x1 obj/ux_stack.o

.debug_weaknames
 *(.debug_weaknames)

.debug_funcnames
 *(.debug_funcnames)

.debug_typenames
 *(.debug_typenames)

.debug_varnames
 *(.debug_varnames)
OUTPUT(bin/app.elf elf32-littlearm)

.debug_ranges   0x00000000     0x1230
 .debug_ranges  0x00000000       0x18 obj/base32.o
 .debug_ranges  0x00000018       0xd8 obj/cx_compliance_141.o
 .debug_ranges  0x000000f0      0x130 obj/main.o
 .debug_ranges  0x00000220      0x4b8 obj/nemHelpers.o
 .debug_ranges  0x000006d8       0x88 obj/os.o
 .debug_ranges  0x00000760      0x138 obj/os_io_seproxyhal.o
 .debug_ranges  0x00000898       0x40 obj/os_io_usb.o
 .debug_ranges  0x000008d8       0x20 obj/os_printf.o
 .debug_ranges  0x000008f8      0x438 obj/syscalls.o
 .debug_ranges  0x00000d30       0x48 obj/u2f_impl.o
 .debug_ranges  0x00000d78       0xe0 obj/u2f_transport.o
 .debug_ranges  0x00000e58       0x70 obj/usbd_conf.o
 .debug_ranges  0x00000ec8       0xb0 obj/usbd_core.o
 .debug_ranges  0x00000f78       0x88 obj/usbd_ctlreq.o
 .debug_ranges  0x00001000       0x20 obj/usbd_hid.o
 .debug_ranges  0x00001020       0xc8 obj/usbd_impl.o
 .debug_ranges  0x000010e8       0x38 obj/usbd_ioreq.o
 .debug_ranges  0x00001120       0xb8 obj/ux_legacy.o
 .debug_ranges  0x000011d8       0x58 obj/ux_stack.o
